Component: Arm Compiler for Embedded 6.24 Tool: armlink [5f371500]

==============================================================================

Section Cross References

    tankgame.o(.text.delay_ms) refers to tankgame.o(.bss.systick_ticks) for systick_ticks
    tankgame.o(.ARM.exidx.text.delay_ms) refers to tankgame.o(.text.delay_ms) for [Anonymous Symbol]
    tankgame.o(.ARM.exidx.text.itoa_custom) refers to tankgame.o(.text.itoa_custom) for [Anonymous Symbol]
    tankgame.o(.ARM.exidx.text.I2C1_Init) refers to tankgame.o(.text.I2C1_Init) for [Anonymous Symbol]
    tankgame.o(.ARM.exidx.text.I2C1_WriteMulti) refers to tankgame.o(.text.I2C1_WriteMulti) for [Anonymous Symbol]
    tankgame.o(.text.LCD_Write_Nibble) refers to tankgame.o(.text.I2C1_WriteMulti) for I2C1_WriteMulti
    tankgame.o(.ARM.exidx.text.LCD_Write_Nibble) refers to tankgame.o(.text.LCD_Write_Nibble) for [Anonymous Symbol]
    tankgame.o(.text.LCD_Send) refers to tankgame.o(.text.I2C1_WriteMulti) for I2C1_WriteMulti
    tankgame.o(.ARM.exidx.text.LCD_Send) refers to tankgame.o(.text.LCD_Send) for [Anonymous Symbol]
    tankgame.o(.text.LCD_SendCmd) refers to tankgame.o(.text.LCD_Send) for LCD_Send
    tankgame.o(.ARM.exidx.text.LCD_SendCmd) refers to tankgame.o(.text.LCD_SendCmd) for [Anonymous Symbol]
    tankgame.o(.text.LCD_SendData) refers to tankgame.o(.text.LCD_Send) for LCD_Send
    tankgame.o(.ARM.exidx.text.LCD_SendData) refers to tankgame.o(.text.LCD_SendData) for [Anonymous Symbol]
    tankgame.o(.text.LCD_Init) refers to tankgame.o(.text.delay_ms) for delay_ms
    tankgame.o(.text.LCD_Init) refers to tankgame.o(.text.LCD_Write_Nibble) for LCD_Write_Nibble
    tankgame.o(.text.LCD_Init) refers to tankgame.o(.text.LCD_SendCmd) for LCD_SendCmd
    tankgame.o(.ARM.exidx.text.LCD_Init) refers to tankgame.o(.text.LCD_Init) for [Anonymous Symbol]
    tankgame.o(.text.LCD_CreateCustomChar) refers to tankgame.o(.text.LCD_SendCmd) for LCD_SendCmd
    tankgame.o(.text.LCD_CreateCustomChar) refers to tankgame.o(.text.LCD_SendData) for LCD_SendData
    tankgame.o(.ARM.exidx.text.LCD_CreateCustomChar) refers to tankgame.o(.text.LCD_CreateCustomChar) for [Anonymous Symbol]
    tankgame.o(.text.LCD_SetCursor) refers to tankgame.o(.text.LCD_SendCmd) for LCD_SendCmd
    tankgame.o(.ARM.exidx.text.LCD_SetCursor) refers to tankgame.o(.text.LCD_SetCursor) for [Anonymous Symbol]
    tankgame.o(.text.LCD_Print) refers to tankgame.o(.text.LCD_SendData) for LCD_SendData
    tankgame.o(.ARM.exidx.text.LCD_Print) refers to tankgame.o(.text.LCD_Print) for [Anonymous Symbol]
    tankgame.o(.text.LCD_Clear) refers to tankgame.o(.text.LCD_SendCmd) for LCD_SendCmd
    tankgame.o(.text.LCD_Clear) refers to tankgame.o(.text.delay_ms) for delay_ms
    tankgame.o(.ARM.exidx.text.LCD_Clear) refers to tankgame.o(.text.LCD_Clear) for [Anonymous Symbol]
    tankgame.o(.text.ADC_Init) refers to tankgame.o(.text.delay_ms) for delay_ms
    tankgame.o(.ARM.exidx.text.ADC_Init) refers to tankgame.o(.text.ADC_Init) for [Anonymous Symbol]
    tankgame.o(.text.ADC_Read) refers to tankgame.o(.text.delay_ms) for delay_ms
    tankgame.o(.ARM.exidx.text.ADC_Read) refers to tankgame.o(.text.ADC_Read) for [Anonymous Symbol]
    tankgame.o(.ARM.exidx.text.UART_Init) refers to tankgame.o(.text.UART_Init) for [Anonymous Symbol]
    tankgame.o(.ARM.exidx.text.UART_SendChar) refers to tankgame.o(.text.UART_SendChar) for [Anonymous Symbol]
    tankgame.o(.text.UART_SendString) refers to tankgame.o(.text.UART_SendChar) for UART_SendChar
    tankgame.o(.ARM.exidx.text.UART_SendString) refers to tankgame.o(.text.UART_SendString) for [Anonymous Symbol]
    tankgame.o(.text.UART_SendNumber) refers to tankgame.o(.text.itoa_custom) for itoa_custom
    tankgame.o(.text.UART_SendNumber) refers to tankgame.o(.text.UART_SendString) for UART_SendString
    tankgame.o(.ARM.exidx.text.UART_SendNumber) refers to tankgame.o(.text.UART_SendNumber) for [Anonymous Symbol]
    tankgame.o(.text.Peripherals_Init) refers to tankgame.o(.text.__NVIC_EnableIRQ) for __NVIC_EnableIRQ
    tankgame.o(.ARM.exidx.text.Peripherals_Init) refers to tankgame.o(.text.Peripherals_Init) for [Anonymous Symbol]
    tankgame.o(.ARM.exidx.text.__NVIC_EnableIRQ) refers to tankgame.o(.text.__NVIC_EnableIRQ) for [Anonymous Symbol]
    tankgame.o(.text.EXTI0_IRQHandler) refers to tankgame.o(.bss.systick_ticks) for systick_ticks
    tankgame.o(.text.EXTI0_IRQHandler) refers to tankgame.o(.bss.last_button_press_time) for last_button_press_time
    tankgame.o(.text.EXTI0_IRQHandler) refers to tankgame.o(.bss.button_pressed_flag) for button_pressed_flag
    tankgame.o(.ARM.exidx.text.EXTI0_IRQHandler) refers to tankgame.o(.text.EXTI0_IRQHandler) for [Anonymous Symbol]
    tankgame.o(.text.EXTI1_IRQHandler) refers to tankgame.o(.bss.systick_ticks) for systick_ticks
    tankgame.o(.text.EXTI1_IRQHandler) refers to tankgame.o(.bss.last_button_press_time) for last_button_press_time
    tankgame.o(.text.EXTI1_IRQHandler) refers to tankgame.o(.bss.button_pressed_flag) for button_pressed_flag
    tankgame.o(.ARM.exidx.text.EXTI1_IRQHandler) refers to tankgame.o(.text.EXTI1_IRQHandler) for [Anonymous Symbol]
    tankgame.o(.ARM.exidx.text.SysTick_Init) refers to tankgame.o(.text.SysTick_Init) for [Anonymous Symbol]
    tankgame.o(.text.SysTick_Handler) refers to tankgame.o(.bss.systick_ticks) for systick_ticks
    tankgame.o(.ARM.exidx.text.SysTick_Handler) refers to tankgame.o(.text.SysTick_Handler) for [Anonymous Symbol]
    tankgame.o(.text.LCD_InitCustomChars) refers to tankgame.o(.text.LCD_CreateCustomChar) for LCD_CreateCustomChar
    tankgame.o(.ARM.exidx.text.LCD_InitCustomChars) refers to tankgame.o(.text.LCD_InitCustomChars) for [Anonymous Symbol]
    tankgame.o(.text.Game_Init) refers to tankgame.o(.bss.game) for game
    tankgame.o(.text.Game_Init) refers to tankgame.o(.bss.screen_buffer) for screen_buffer
    tankgame.o(.text.Game_Init) refers to aeabi_memset.o(.text) for __aeabi_memset
    tankgame.o(.text.Game_Init) refers to tankgame.o(.bss.last_screen_buffer) for last_screen_buffer
    tankgame.o(.ARM.exidx.text.Game_Init) refers to tankgame.o(.text.Game_Init) for [Anonymous Symbol]
    tankgame.o(.text.Game_UpdateFreezeStates) refers to tankgame.o(.bss.game) for game
    tankgame.o(.text.Game_UpdateFreezeStates) refers to tankgame.o(.bss.systick_ticks) for systick_ticks
    tankgame.o(.ARM.exidx.text.Game_UpdateFreezeStates) refers to tankgame.o(.text.Game_UpdateFreezeStates) for [Anonymous Symbol]
    tankgame.o(.text.Game_UpdateIndicators) refers to tankgame.o(.bss.game) for game
    tankgame.o(.text.Game_UpdateIndicators) refers to tankgame.o(.bss.systick_ticks) for systick_ticks
    tankgame.o(.ARM.exidx.text.Game_UpdateIndicators) refers to tankgame.o(.text.Game_UpdateIndicators) for [Anonymous Symbol]
    tankgame.o(.text.Game_ProcessInput) refers to tankgame.o(.text.ADC_Read) for ADC_Read
    tankgame.o(.text.Game_ProcessInput) refers to tankgame.o(.text.delay_ms) for delay_ms
    tankgame.o(.text.Game_ProcessInput) refers to tankgame.o(.bss.game) for game
    tankgame.o(.text.Game_ProcessInput) refers to tankgame.o(.bss.button_pressed_flag) for button_pressed_flag
    tankgame.o(.ARM.exidx.text.Game_ProcessInput) refers to tankgame.o(.text.Game_ProcessInput) for [Anonymous Symbol]
    tankgame.o(.text.Game_UpdateBullets) refers to tankgame.o(.bss.game) for game
    tankgame.o(.text.Game_UpdateBullets) refers to tankgame.o(.bss.systick_ticks) for systick_ticks
    tankgame.o(.text.Game_UpdateBullets) refers to tankgame.o(.rodata.str1.1) for .L.str
    tankgame.o(.text.Game_UpdateBullets) refers to tankgame.o(.text.UART_SendString) for UART_SendString
    tankgame.o(.text.Game_UpdateBullets) refers to tankgame.o(.text.UART_SendNumber) for UART_SendNumber
    tankgame.o(.ARM.exidx.text.Game_UpdateBullets) refers to tankgame.o(.text.Game_UpdateBullets) for [Anonymous Symbol]
    tankgame.o(.text.Game_UpdateScreenBuffer) refers to tankgame.o(.bss.screen_buffer) for screen_buffer
    tankgame.o(.text.Game_UpdateScreenBuffer) refers to aeabi_memset.o(.text) for __aeabi_memset
    tankgame.o(.text.Game_UpdateScreenBuffer) refers to tankgame.o(.bss.game) for game
    tankgame.o(.text.Game_UpdateScreenBuffer) refers to tankgame.o(.rodata.str1.1) for .L.str.4
    tankgame.o(.text.Game_UpdateScreenBuffer) refers to strncpy.o(.text) for strncpy
    tankgame.o(.ARM.exidx.text.Game_UpdateScreenBuffer) refers to tankgame.o(.text.Game_UpdateScreenBuffer) for [Anonymous Symbol]
    tankgame.o(.text.Game_RenderScreen) refers to tankgame.o(.bss.screen_buffer) for screen_buffer
    tankgame.o(.text.Game_RenderScreen) refers to tankgame.o(.bss.last_screen_buffer) for last_screen_buffer
    tankgame.o(.text.Game_RenderScreen) refers to tankgame.o(.text.LCD_SetCursor) for LCD_SetCursor
    tankgame.o(.text.Game_RenderScreen) refers to tankgame.o(.text.LCD_SendData) for LCD_SendData
    tankgame.o(.text.Game_RenderScreen) refers to rt_memcpy_v6.o(.text) for __aeabi_memcpy
    tankgame.o(.ARM.exidx.text.Game_RenderScreen) refers to tankgame.o(.text.Game_RenderScreen) for [Anonymous Symbol]
    tankgame.o(.text.Game_ShowGameOver) refers to tankgame.o(.text.LCD_Clear) for LCD_Clear
    tankgame.o(.text.Game_ShowGameOver) refers to tankgame.o(.text.LCD_SetCursor) for LCD_SetCursor
    tankgame.o(.text.Game_ShowGameOver) refers to tankgame.o(.rodata.str1.1) for .L.str.7
    tankgame.o(.text.Game_ShowGameOver) refers to tankgame.o(.text.LCD_Print) for LCD_Print
    tankgame.o(.text.Game_ShowGameOver) refers to tankgame.o(.bss.game) for game
    tankgame.o(.text.Game_ShowGameOver) refers to tankgame.o(.data.player1_name) for player1_name
    tankgame.o(.text.Game_ShowGameOver) refers to tankgame.o(.data.player2_name) for player2_name
    tankgame.o(.text.Game_ShowGameOver) refers to tankgame.o(.text.UART_SendString) for UART_SendString
    tankgame.o(.text.Game_ShowGameOver) refers to tankgame.o(.text.delay_ms) for delay_ms
    tankgame.o(.ARM.exidx.text.Game_ShowGameOver) refers to tankgame.o(.text.Game_ShowGameOver) for [Anonymous Symbol]
    tankgame.o(.text.main) refers to tankgame.o(.text.SysTick_Init) for SysTick_Init
    tankgame.o(.text.main) refers to tankgame.o(.text.I2C1_Init) for I2C1_Init
    tankgame.o(.text.main) refers to tankgame.o(.text.ADC_Init) for ADC_Init
    tankgame.o(.text.main) refers to tankgame.o(.text.Peripherals_Init) for Peripherals_Init
    tankgame.o(.text.main) refers to tankgame.o(.text.UART_Init) for UART_Init
    tankgame.o(.text.main) refers to tankgame.o(.text.LCD_Init) for LCD_Init
    tankgame.o(.text.main) refers to tankgame.o(.text.LCD_InitCustomChars) for LCD_InitCustomChars
    tankgame.o(.text.main) refers to tankgame.o(.text.LCD_Clear) for LCD_Clear
    tankgame.o(.text.main) refers to tankgame.o(.text.LCD_SetCursor) for LCD_SetCursor
    tankgame.o(.text.main) refers to tankgame.o(.rodata.str1.1) for .L.str.12
    tankgame.o(.text.main) refers to tankgame.o(.text.LCD_Print) for LCD_Print
    tankgame.o(.text.main) refers to tankgame.o(.text.UART_SendString) for UART_SendString
    tankgame.o(.text.main) refers to tankgame.o(.text.delay_ms) for delay_ms
    tankgame.o(.text.main) refers to tankgame.o(.text.Game_Init) for Game_Init
    tankgame.o(.text.main) refers to tankgame.o(.bss.systick_ticks) for systick_ticks
    tankgame.o(.text.main) refers to tankgame.o(.bss.game) for game
    tankgame.o(.text.main) refers to tankgame.o(.text.Game_UpdateFreezeStates) for Game_UpdateFreezeStates
    tankgame.o(.text.main) refers to tankgame.o(.text.Game_UpdateIndicators) for Game_UpdateIndicators
    tankgame.o(.text.main) refers to tankgame.o(.text.Game_ProcessInput) for Game_ProcessInput
    tankgame.o(.text.main) refers to tankgame.o(.text.Game_UpdateBullets) for Game_UpdateBullets
    tankgame.o(.text.main) refers to tankgame.o(.text.Game_UpdateScreenBuffer) for Game_UpdateScreenBuffer
    tankgame.o(.text.main) refers to tankgame.o(.text.Game_RenderScreen) for Game_RenderScreen
    tankgame.o(.text.main) refers to tankgame.o(.text.Game_ShowGameOver) for Game_ShowGameOver
    tankgame.o(.ARM.exidx.text.main) refers to tankgame.o(.text.main) for [Anonymous Symbol]
    startup_stm32f401xc.o(STACK) refers (Special) to heapauxi.o(.text) for __use_two_region_memory
    startup_stm32f401xc.o(HEAP) refers (Special) to heapauxi.o(.text) for __use_two_region_memory
    startup_stm32f401xc.o(RESET) refers (Special) to heapauxi.o(.text) for __use_two_region_memory
    startup_stm32f401xc.o(RESET) refers to startup_stm32f401xc.o(STACK) for __initial_sp
    startup_stm32f401xc.o(RESET) refers to startup_stm32f401xc.o(.text) for Reset_Handler
    startup_stm32f401xc.o(RESET) refers to tankgame.o(.text.SysTick_Handler) for SysTick_Handler
    startup_stm32f401xc.o(RESET) refers to tankgame.o(.text.EXTI0_IRQHandler) for EXTI0_IRQHandler
    startup_stm32f401xc.o(RESET) refers to tankgame.o(.text.EXTI1_IRQHandler) for EXTI1_IRQHandler
    startup_stm32f401xc.o(.text) refers (Special) to heapauxi.o(.text) for __use_two_region_memory
    startup_stm32f401xc.o(.text) refers to system_stm32f4xx.o(.text.SystemInit) for SystemInit
    startup_stm32f401xc.o(.text) refers to __main.o(!!!main) for __main
    startup_stm32f401xc.o(.text) refers to startup_stm32f401xc.o(HEAP) for Heap_Mem
    startup_stm32f401xc.o(.text) refers to startup_stm32f401xc.o(STACK) for Stack_Mem
    system_stm32f4xx.o(.ARM.exidx.text.SystemInit) refers to system_stm32f4xx.o(.text.SystemInit) for [Anonymous Symbol]
    system_stm32f4xx.o(.text.SystemCoreClockUpdate) refers to system_stm32f4xx.o(.data.SystemCoreClock) for SystemCoreClock
    system_stm32f4xx.o(.text.SystemCoreClockUpdate) refers to system_stm32f4xx.o(.rodata.AHBPrescTable) for AHBPrescTable
    system_stm32f4xx.o(.ARM.exidx.text.SystemCoreClockUpdate) refers to system_stm32f4xx.o(.text.SystemCoreClockUpdate) for [Anonymous Symbol]
    rt_memcpy_v6.o(.text) refers to rt_memcpy_w.o(.text) for __aeabi_memcpy4
    aeabi_memset.o(.text) refers to rt_memclr.o(.text) for _memset
    strncpy.o(.text) refers to rt_memclr.o(.text) for __aeabi_memclr
    __main.o(!!!main) refers to __rtentry.o(.ARM.Collect$$rtentry$$00000000) for __rt_entry
    __rtentry.o(.ARM.Collect$$rtentry$$00000000) refers (Special) to __rtentry2.o(.ARM.Collect$$rtentry$$0000000A) for __rt_entry_li
    __rtentry.o(.ARM.Collect$$rtentry$$00000000) refers (Special) to __rtentry2.o(.ARM.Collect$$rtentry$$0000000D) for __rt_entry_main
    __rtentry.o(.ARM.Collect$$rtentry$$00000000) refers (Special) to __rtentry2.o(.ARM.Collect$$rtentry$$0000000C) for __rt_entry_postli_1
    __rtentry.o(.ARM.Collect$$rtentry$$00000000) refers (Special) to __rtentry2.o(.ARM.Collect$$rtentry$$00000009) for __rt_entry_postsh_1
    __rtentry.o(.ARM.Collect$$rtentry$$00000000) refers (Special) to __rtentry2.o(.ARM.Collect$$rtentry$$00000002) for __rt_entry_presh_1
    __rtentry.o(.ARM.Collect$$rtentry$$00000000) refers (Special) to __rtentry4.o(.ARM.Collect$$rtentry$$00000004) for __rt_entry_sh
    rt_memclr.o(.text) refers to rt_memclr_w.o(.text) for _memset_w
    __rtentry2.o(.ARM.Collect$$rtentry$$00000008) refers to boardinit2.o(.text) for _platform_post_stackheap_init
    __rtentry2.o(.ARM.Collect$$rtentry$$0000000A) refers to libinit.o(.ARM.Collect$$libinit$$00000000) for __rt_lib_init
    __rtentry2.o(.ARM.Collect$$rtentry$$0000000B) refers to boardinit3.o(.text) for _platform_post_lib_init
    __rtentry2.o(.ARM.Collect$$rtentry$$0000000D) refers to tankgame.o(.text.main) for main
    __rtentry2.o(.ARM.Collect$$rtentry$$0000000D) refers to exit.o(.text) for exit
    __rtentry2.o(.ARM.exidx) refers to __rtentry2.o(.ARM.Collect$$rtentry$$00000001) for .ARM.Collect$$rtentry$$00000001
    __rtentry2.o(.ARM.exidx) refers to __rtentry2.o(.ARM.Collect$$rtentry$$00000008) for .ARM.Collect$$rtentry$$00000008
    __rtentry2.o(.ARM.exidx) refers to __rtentry2.o(.ARM.Collect$$rtentry$$0000000A) for .ARM.Collect$$rtentry$$0000000A
    __rtentry2.o(.ARM.exidx) refers to __rtentry2.o(.ARM.Collect$$rtentry$$0000000B) for .ARM.Collect$$rtentry$$0000000B
    __rtentry2.o(.ARM.exidx) refers to __rtentry2.o(.ARM.Collect$$rtentry$$0000000D) for .ARM.Collect$$rtentry$$0000000D
    __rtentry4.o(.ARM.Collect$$rtentry$$00000004) refers to sys_stackheap_outer.o(.text) for __user_setup_stackheap
    __rtentry4.o(.ARM.exidx) refers to __rtentry4.o(.ARM.Collect$$rtentry$$00000004) for .ARM.Collect$$rtentry$$00000004
    sys_stackheap_outer.o(.text) refers to libspace.o(.text) for __user_perproc_libspace
    sys_stackheap_outer.o(.text) refers to startup_stm32f401xc.o(.text) for __user_initial_stackheap
    exit.o(.text) refers to rtexit.o(.ARM.Collect$$rtexit$$00000000) for __rt_exit
    libinit.o(.ARM.Collect$$libinit$$00000000) refers (Special) to libinit2.o(.ARM.Collect$$libinit$$00000030) for __rt_lib_init_alloca_1
    libinit.o(.ARM.Collect$$libinit$$00000000) refers (Special) to libinit2.o(.ARM.Collect$$libinit$$0000002E) for __rt_lib_init_argv_1
    libinit.o(.ARM.Collect$$libinit$$00000000) refers (Special) to libinit2.o(.ARM.Collect$$libinit$$0000001D) for __rt_lib_init_atexit_1
    libinit.o(.ARM.Collect$$libinit$$00000000) refers (Special) to libinit2.o(.ARM.Collect$$libinit$$00000023) for __rt_lib_init_clock_1
    libinit.o(.ARM.Collect$$libinit$$00000000) refers (Special) to libinit2.o(.ARM.Collect$$libinit$$00000034) for __rt_lib_init_cpp_1
    libinit.o(.ARM.Collect$$libinit$$00000000) refers (Special) to libinit2.o(.ARM.Collect$$libinit$$00000032) for __rt_lib_init_exceptions_1
    libinit.o(.ARM.Collect$$libinit$$00000000) refers (Special) to libinit2.o(.ARM.Collect$$libinit$$00000001) for __rt_lib_init_fp_1
    libinit.o(.ARM.Collect$$libinit$$00000000) refers (Special) to libinit2.o(.ARM.Collect$$libinit$$00000021) for __rt_lib_init_fp_trap_1
    libinit.o(.ARM.Collect$$libinit$$00000000) refers (Special) to libinit2.o(.ARM.Collect$$libinit$$00000025) for __rt_lib_init_getenv_1
    libinit.o(.ARM.Collect$$libinit$$00000000) refers (Special) to libinit2.o(.ARM.Collect$$libinit$$0000000C) for __rt_lib_init_heap_1
    libinit.o(.ARM.Collect$$libinit$$00000000) refers (Special) to libinit2.o(.ARM.Collect$$libinit$$00000013) for __rt_lib_init_lc_collate_1
    libinit.o(.ARM.Collect$$libinit$$00000000) refers (Special) to libinit2.o(.ARM.Collect$$libinit$$00000015) for __rt_lib_init_lc_ctype_1
    libinit.o(.ARM.Collect$$libinit$$00000000) refers (Special) to libinit2.o(.ARM.Collect$$libinit$$00000017) for __rt_lib_init_lc_monetary_1
    libinit.o(.ARM.Collect$$libinit$$00000000) refers (Special) to libinit2.o(.ARM.Collect$$libinit$$00000019) for __rt_lib_init_lc_numeric_1
    libinit.o(.ARM.Collect$$libinit$$00000000) refers (Special) to libinit2.o(.ARM.Collect$$libinit$$0000001B) for __rt_lib_init_lc_time_1
    libinit.o(.ARM.Collect$$libinit$$00000000) refers (Special) to libinit2.o(.ARM.Collect$$libinit$$00000006) for __rt_lib_init_preinit_1
    libinit.o(.ARM.Collect$$libinit$$00000000) refers (Special) to libinit2.o(.ARM.Collect$$libinit$$00000010) for __rt_lib_init_rand_1
    libinit.o(.ARM.Collect$$libinit$$00000000) refers (Special) to libinit2.o(.ARM.Collect$$libinit$$00000004) for __rt_lib_init_relocate_pie_1
    libinit.o(.ARM.Collect$$libinit$$00000000) refers (Special) to libinit2.o(.ARM.Collect$$libinit$$00000035) for __rt_lib_init_return
    libinit.o(.ARM.Collect$$libinit$$00000000) refers (Special) to libinit2.o(.ARM.Collect$$libinit$$0000001F) for __rt_lib_init_signal_1
    libinit.o(.ARM.Collect$$libinit$$00000000) refers (Special) to libinit2.o(.ARM.Collect$$libinit$$00000027) for __rt_lib_init_stdio_1
    libinit.o(.ARM.Collect$$libinit$$00000000) refers (Special) to libinit2.o(.ARM.Collect$$libinit$$0000000E) for __rt_lib_init_user_alloc_1
    libspace.o(.text) refers to libspace.o(.bss) for __libspace_start
    rtexit.o(.ARM.Collect$$rtexit$$00000000) refers (Special) to rtexit2.o(.ARM.Collect$$rtexit$$00000004) for __rt_exit_exit
    rtexit.o(.ARM.Collect$$rtexit$$00000000) refers (Special) to rtexit2.o(.ARM.Collect$$rtexit$$00000003) for __rt_exit_ls
    rtexit.o(.ARM.Collect$$rtexit$$00000000) refers (Special) to rtexit2.o(.ARM.Collect$$rtexit$$00000002) for __rt_exit_prels_1
    rtexit.o(.ARM.exidx) refers (Special) to rtexit2.o(.ARM.Collect$$rtexit$$00000004) for __rt_exit_exit
    rtexit.o(.ARM.exidx) refers (Special) to rtexit2.o(.ARM.Collect$$rtexit$$00000003) for __rt_exit_ls
    rtexit.o(.ARM.exidx) refers (Special) to rtexit2.o(.ARM.Collect$$rtexit$$00000002) for __rt_exit_prels_1
    rtexit.o(.ARM.exidx) refers to rtexit.o(.ARM.Collect$$rtexit$$00000000) for .ARM.Collect$$rtexit$$00000000
    libinit2.o(.ARM.Collect$$libinit$$00000001) refers to fpinit.o(x$fpl$fpinit) for _fp_init
    libinit2.o(.ARM.Collect$$libinit$$00000012) refers to libinit2.o(.ARM.Collect$$libinit$$00000011) for .ARM.Collect$$libinit$$00000011
    libinit2.o(.ARM.Collect$$libinit$$00000014) refers to libinit2.o(.ARM.Collect$$libinit$$00000011) for .ARM.Collect$$libinit$$00000011
    libinit2.o(.ARM.Collect$$libinit$$00000016) refers to libinit2.o(.ARM.Collect$$libinit$$00000011) for .ARM.Collect$$libinit$$00000011
    libinit2.o(.ARM.Collect$$libinit$$00000018) refers to libinit2.o(.ARM.Collect$$libinit$$00000011) for .ARM.Collect$$libinit$$00000011
    libinit2.o(.ARM.Collect$$libinit$$0000001A) refers to libinit2.o(.ARM.Collect$$libinit$$00000011) for .ARM.Collect$$libinit$$00000011
    libinit2.o(.ARM.Collect$$libinit$$00000028) refers to argv_veneer.o(.emb_text) for __ARM_argv_veneer
    libinit2.o(.ARM.Collect$$libinit$$00000029) refers to argv_veneer.o(.emb_text) for __ARM_argv_veneer
    rtexit2.o(.ARM.Collect$$rtexit$$00000003) refers to libshutdown.o(.ARM.Collect$$libshutdown$$00000000) for __rt_lib_shutdown
    rtexit2.o(.ARM.Collect$$rtexit$$00000004) refers to sys_exit.o(.text) for _sys_exit
    rtexit2.o(.ARM.exidx) refers to rtexit2.o(.ARM.Collect$$rtexit$$00000001) for .ARM.Collect$$rtexit$$00000001
    rtexit2.o(.ARM.exidx) refers to rtexit2.o(.ARM.Collect$$rtexit$$00000003) for .ARM.Collect$$rtexit$$00000003
    rtexit2.o(.ARM.exidx) refers to rtexit2.o(.ARM.Collect$$rtexit$$00000004) for .ARM.Collect$$rtexit$$00000004
    argv_veneer.o(.emb_text) refers to no_argv.o(.text) for __ARM_get_argv
    sys_exit.o(.text) refers (Special) to use_no_semi.o(.text) for __I$use$semihosting
    sys_exit.o(.text) refers (Special) to indicate_semi.o(.text) for __semihosting_library_function
    sys_exit_hlt.o(.text) refers (Special) to use_no_semi.o(.text) for __I$use$semihosting
    sys_exit_hlt.o(.text) refers (Special) to indicate_semi.o(.text) for __semihosting_library_function
    _get_argv_nomalloc.o(.text) refers (Special) to hrguard.o(.text) for __heap_region$guard
    _get_argv_nomalloc.o(.text) refers to defsig_rtmem_outer.o(.text) for __rt_SIGRTMEM
    _get_argv_nomalloc.o(.text) refers to sys_command.o(.text) for _sys_command_string
    libshutdown.o(.ARM.Collect$$libshutdown$$00000000) refers (Special) to libshutdown2.o(.ARM.Collect$$libshutdown$$00000002) for __rt_lib_shutdown_cpp_1
    libshutdown.o(.ARM.Collect$$libshutdown$$00000000) refers (Special) to libshutdown2.o(.ARM.Collect$$libshutdown$$00000007) for __rt_lib_shutdown_fp_trap_1
    libshutdown.o(.ARM.Collect$$libshutdown$$00000000) refers (Special) to libshutdown2.o(.ARM.Collect$$libshutdown$$0000000F) for __rt_lib_shutdown_heap_1
    libshutdown.o(.ARM.Collect$$libshutdown$$00000000) refers (Special) to libshutdown2.o(.ARM.Collect$$libshutdown$$00000010) for __rt_lib_shutdown_return
    libshutdown.o(.ARM.Collect$$libshutdown$$00000000) refers (Special) to libshutdown2.o(.ARM.Collect$$libshutdown$$0000000A) for __rt_lib_shutdown_signal_1
    libshutdown.o(.ARM.Collect$$libshutdown$$00000000) refers (Special) to libshutdown2.o(.ARM.Collect$$libshutdown$$00000004) for __rt_lib_shutdown_stdio_1
    libshutdown.o(.ARM.Collect$$libshutdown$$00000000) refers (Special) to libshutdown2.o(.ARM.Collect$$libshutdown$$0000000C) for __rt_lib_shutdown_user_alloc_1
    sys_command.o(.text) refers (Special) to use_no_semi.o(.text) for __I$use$semihosting
    sys_command.o(.text) refers (Special) to indicate_semi.o(.text) for __semihosting_library_function
    sys_command_hlt.o(.text) refers (Special) to use_no_semi.o(.text) for __I$use$semihosting
    sys_command_hlt.o(.text) refers (Special) to indicate_semi.o(.text) for __semihosting_library_function
    defsig_rtmem_outer.o(.text) refers to defsig_rtmem_inner.o(.text) for __rt_SIGRTMEM_inner
    defsig_rtmem_outer.o(.text) refers to defsig_exit.o(.text) for __sig_exit
    defsig_rtmem_formal.o(.text) refers to rt_raise.o(.text) for __rt_raise
    rt_raise.o(.text) refers to __raise.o(.text) for __raise
    rt_raise.o(.text) refers to sys_exit.o(.text) for _sys_exit
    defsig_exit.o(.text) refers to sys_exit.o(.text) for _sys_exit
    defsig_rtmem_inner.o(.text) refers to defsig_general.o(.text) for __default_signal_display
    __raise.o(.text) refers to defsig.o(CL$$defsig) for __default_signal_handler
    defsig_general.o(.text) refers to sys_wrch.o(.text) for _ttywrch
    sys_wrch.o(.text) refers (Special) to use_no_semi.o(.text) for __I$use$semihosting
    sys_wrch.o(.text) refers (Special) to indicate_semi.o(.text) for __semihosting_library_function
    sys_wrch_hlt.o(.text) refers (Special) to use_no_semi.o(.text) for __I$use$semihosting
    sys_wrch_hlt.o(.text) refers (Special) to indicate_semi.o(.text) for __semihosting_library_function
    defsig.o(CL$$defsig) refers to defsig_rtmem_inner.o(.text) for __rt_SIGRTMEM_inner
    defsig_abrt_inner.o(.text) refers to defsig_general.o(.text) for __default_signal_display
    defsig_fpe_inner.o(.text) refers to defsig_general.o(.text) for __default_signal_display
    defsig_rtred_inner.o(.text) refers to defsig_general.o(.text) for __default_signal_display
    defsig_stak_inner.o(.text) refers to defsig_general.o(.text) for __default_signal_display
    defsig_pvfn_inner.o(.text) refers to defsig_general.o(.text) for __default_signal_display
    defsig_cppl_inner.o(.text) refers to defsig_general.o(.text) for __default_signal_display
    defsig_segv_inner.o(.text) refers to defsig_general.o(.text) for __default_signal_display
    defsig_other.o(.text) refers to defsig_general.o(.text) for __default_signal_display


==============================================================================

Removing Unused input sections from the image.

    Removing tankgame.o(.text), (0 bytes).
    Removing tankgame.o(.ARM.exidx.text.delay_ms), (8 bytes).
    Removing tankgame.o(.ARM.exidx.text.itoa_custom), (8 bytes).
    Removing tankgame.o(.ARM.exidx.text.I2C1_Init), (8 bytes).
    Removing tankgame.o(.ARM.exidx.text.I2C1_WriteMulti), (8 bytes).
    Removing tankgame.o(.ARM.exidx.text.LCD_Write_Nibble), (8 bytes).
    Removing tankgame.o(.ARM.exidx.text.LCD_Send), (8 bytes).
    Removing tankgame.o(.ARM.exidx.text.LCD_SendCmd), (8 bytes).
    Removing tankgame.o(.ARM.exidx.text.LCD_SendData), (8 bytes).
    Removing tankgame.o(.ARM.exidx.text.LCD_Init), (8 bytes).
    Removing tankgame.o(.ARM.exidx.text.LCD_CreateCustomChar), (8 bytes).
    Removing tankgame.o(.ARM.exidx.text.LCD_SetCursor), (8 bytes).
    Removing tankgame.o(.ARM.exidx.text.LCD_Print), (8 bytes).
    Removing tankgame.o(.ARM.exidx.text.LCD_Clear), (8 bytes).
    Removing tankgame.o(.ARM.exidx.text.ADC_Init), (8 bytes).
    Removing tankgame.o(.ARM.exidx.text.ADC_Read), (8 bytes).
    Removing tankgame.o(.ARM.exidx.text.UART_Init), (8 bytes).
    Removing tankgame.o(.ARM.exidx.text.UART_SendChar), (8 bytes).
    Removing tankgame.o(.ARM.exidx.text.UART_SendString), (8 bytes).
    Removing tankgame.o(.ARM.exidx.text.UART_SendNumber), (8 bytes).
    Removing tankgame.o(.ARM.exidx.text.Peripherals_Init), (8 bytes).
    Removing tankgame.o(.ARM.exidx.text.__NVIC_EnableIRQ), (8 bytes).
    Removing tankgame.o(.ARM.exidx.text.EXTI0_IRQHandler), (8 bytes).
    Removing tankgame.o(.ARM.exidx.text.EXTI1_IRQHandler), (8 bytes).
    Removing tankgame.o(.ARM.exidx.text.SysTick_Init), (8 bytes).
    Removing tankgame.o(.ARM.exidx.text.SysTick_Handler), (8 bytes).
    Removing tankgame.o(.ARM.exidx.text.LCD_InitCustomChars), (8 bytes).
    Removing tankgame.o(.ARM.exidx.text.Game_Init), (8 bytes).
    Removing tankgame.o(.ARM.exidx.text.Game_UpdateFreezeStates), (8 bytes).
    Removing tankgame.o(.ARM.exidx.text.Game_UpdateIndicators), (8 bytes).
    Removing tankgame.o(.ARM.exidx.text.Game_ProcessInput), (8 bytes).
    Removing tankgame.o(.ARM.exidx.text.Game_UpdateBullets), (8 bytes).
    Removing tankgame.o(.ARM.exidx.text.Game_UpdateScreenBuffer), (8 bytes).
    Removing tankgame.o(.ARM.exidx.text.Game_RenderScreen), (8 bytes).
    Removing tankgame.o(.ARM.exidx.text.Game_ShowGameOver), (8 bytes).
    Removing tankgame.o(.ARM.exidx.text.main), (8 bytes).
    Removing tankgame.o(.rodata.cst8), (24 bytes).
    Removing tankgame.o(.ARM.use_no_argv), (4 bytes).
    Removing system_stm32f4xx.o(.text), (0 bytes).
    Removing system_stm32f4xx.o(.ARM.exidx.text.SystemInit), (8 bytes).
    Removing system_stm32f4xx.o(.text.SystemCoreClockUpdate), (302 bytes).
    Removing system_stm32f4xx.o(.ARM.exidx.text.SystemCoreClockUpdate), (8 bytes).
    Removing system_stm32f4xx.o(.data.SystemCoreClock), (4 bytes).
    Removing system_stm32f4xx.o(.rodata.AHBPrescTable), (16 bytes).
    Removing system_stm32f4xx.o(.rodata.APBPrescTable), (8 bytes).

45 unused section(s) (total 654 bytes) removed from the image.

==============================================================================

Image Symbol Table

    Local Symbols

    Symbol Name                              Value     Ov Type        Size  Object(Section)

    ../clib/angel/boardlib.s                 0x00000000   Number         0  boardinit1.o ABSOLUTE
    ../clib/angel/boardlib.s                 0x00000000   Number         0  boardinit2.o ABSOLUTE
    ../clib/angel/boardlib.s                 0x00000000   Number         0  boardinit3.o ABSOLUTE
    ../clib/angel/boardlib.s                 0x00000000   Number         0  boardshut.o ABSOLUTE
    ../clib/angel/handlers.s                 0x00000000   Number         0  __scatter_copy.o ABSOLUTE
    ../clib/angel/handlers.s                 0x00000000   Number         0  __scatter_zi.o ABSOLUTE
    ../clib/angel/kernel.s                   0x00000000   Number         0  __rtentry.o ABSOLUTE
    ../clib/angel/kernel.s                   0x00000000   Number         0  __rtentry2.o ABSOLUTE
    ../clib/angel/kernel.s                   0x00000000   Number         0  __rtentry4.o ABSOLUTE
    ../clib/angel/kernel.s                   0x00000000   Number         0  rtexit.o ABSOLUTE
    ../clib/angel/kernel.s                   0x00000000   Number         0  rtexit2.o ABSOLUTE
    ../clib/angel/rt.s                       0x00000000   Number         0  rt_raise.o ABSOLUTE
    ../clib/angel/scatter.s                  0x00000000   Number         0  __scatter.o ABSOLUTE
    ../clib/angel/startup.s                  0x00000000   Number         0  __main.o ABSOLUTE
    ../clib/angel/sys.s                      0x00000000   Number         0  sys_stackheap_outer.o ABSOLUTE
    ../clib/angel/sys.s                      0x00000000   Number         0  libspace.o ABSOLUTE
    ../clib/angel/sys.s                      0x00000000   Number         0  use_no_semi.o ABSOLUTE
    ../clib/angel/sys.s                      0x00000000   Number         0  indicate_semi.o ABSOLUTE
    ../clib/angel/sysapp.c                   0x00000000   Number         0  sys_exit.o ABSOLUTE
    ../clib/angel/sysapp.c                   0x00000000   Number         0  sys_exit_hlt.o ABSOLUTE
    ../clib/angel/sysapp.c                   0x00000000   Number         0  sys_command.o ABSOLUTE
    ../clib/angel/sysapp.c                   0x00000000   Number         0  sys_command_hlt.o ABSOLUTE
    ../clib/angel/sysapp.c                   0x00000000   Number         0  sys_wrch.o ABSOLUTE
    ../clib/angel/sysapp.c                   0x00000000   Number         0  sys_wrch_hlt.o ABSOLUTE
    ../clib/armsys.c                         0x00000000   Number         0  argv_veneer.o ABSOLUTE
    ../clib/armsys.c                         0x00000000   Number         0  argv_veneer.o ABSOLUTE
    ../clib/armsys.c                         0x00000000   Number         0  _get_argv_nomalloc.o ABSOLUTE
    ../clib/armsys.c                         0x00000000   Number         0  no_argv.o ABSOLUTE
    ../clib/heapalloc.c                      0x00000000   Number         0  hrguard.o ABSOLUTE
    ../clib/heapaux.c                        0x00000000   Number         0  heapauxi.o ABSOLUTE
    ../clib/libinit.s                        0x00000000   Number         0  libinit.o ABSOLUTE
    ../clib/libinit.s                        0x00000000   Number         0  libinit2.o ABSOLUTE
    ../clib/libinit.s                        0x00000000   Number         0  libshutdown.o ABSOLUTE
    ../clib/libinit.s                        0x00000000   Number         0  libshutdown2.o ABSOLUTE
    ../clib/memcpset.s                       0x00000000   Number         0  rt_memcpy_v6.o ABSOLUTE
    ../clib/memcpset.s                       0x00000000   Number         0  aeabi_memset.o ABSOLUTE
    ../clib/memcpset.s                       0x00000000   Number         0  strncpy.o ABSOLUTE
    ../clib/memcpset.s                       0x00000000   Number         0  rt_memcpy_w.o ABSOLUTE
    ../clib/memcpset.s                       0x00000000   Number         0  rt_memclr.o ABSOLUTE
    ../clib/memcpset.s                       0x00000000   Number         0  rt_memclr_w.o ABSOLUTE
    ../clib/signal.c                         0x00000000   Number         0  defsig_rtmem_outer.o ABSOLUTE
    ../clib/signal.c                         0x00000000   Number         0  defsig_rtmem_formal.o ABSOLUTE
    ../clib/signal.c                         0x00000000   Number         0  defsig_exit.o ABSOLUTE
    ../clib/signal.c                         0x00000000   Number         0  defsig_rtmem_inner.o ABSOLUTE
    ../clib/signal.c                         0x00000000   Number         0  __raise.o ABSOLUTE
    ../clib/signal.c                         0x00000000   Number         0  defsig_general.o ABSOLUTE
    ../clib/signal.c                         0x00000000   Number         0  defsig_abrt_inner.o ABSOLUTE
    ../clib/signal.c                         0x00000000   Number         0  defsig_fpe_inner.o ABSOLUTE
    ../clib/signal.c                         0x00000000   Number         0  defsig_rtred_inner.o ABSOLUTE
    ../clib/signal.c                         0x00000000   Number         0  defsig_stak_inner.o ABSOLUTE
    ../clib/signal.c                         0x00000000   Number         0  defsig_pvfn_inner.o ABSOLUTE
    ../clib/signal.c                         0x00000000   Number         0  defsig_cppl_inner.o ABSOLUTE
    ../clib/signal.c                         0x00000000   Number         0  defsig_segv_inner.o ABSOLUTE
    ../clib/signal.c                         0x00000000   Number         0  defsig_other.o ABSOLUTE
    ../clib/signal.s                         0x00000000   Number         0  defsig.o ABSOLUTE
    ../clib/stdlib.c                         0x00000000   Number         0  exit.o ABSOLUTE
    ../fplib/fpinit.s                        0x00000000   Number         0  fpinit.o ABSOLUTE
    RTE/Device/STM32F401CCUx/startup_stm32f401xc.s 0x00000000   Number         0  startup_stm32f401xc.o ABSOLUTE
    TankGame.c                               0x00000000   Number         0  tankgame.o ABSOLUTE
    dc.s                                     0x00000000   Number         0  dc.o ABSOLUTE
    system_stm32f4xx.c                       0x00000000   Number         0  system_stm32f4xx.o ABSOLUTE
    RESET                                    0x08000000   Section      404  startup_stm32f401xc.o(RESET)
    !!!main                                  0x08000194   Section        8  __main.o(!!!main)
    !!!scatter                               0x0800019c   Section       92  __scatter.o(!!!scatter)
    !!handler_copy                           0x080001f8   Section       26  __scatter_copy.o(!!handler_copy)
    !!handler_null                           0x08000214   Section        2  __scatter.o(!!handler_null)
    !!handler_zi                             0x08000218   Section       28  __scatter_zi.o(!!handler_zi)
    .ARM.Collect$$libinit$$00000000          0x08000234   Section        2  libinit.o(.ARM.Collect$$libinit$$00000000)
    .ARM.Collect$$libinit$$00000001          0x08000236   Section        4  libinit2.o(.ARM.Collect$$libinit$$00000001)
    .ARM.Collect$$libinit$$00000004          0x0800023a   Section        0  libinit2.o(.ARM.Collect$$libinit$$00000004)
    .ARM.Collect$$libinit$$00000006          0x0800023a   Section        0  libinit2.o(.ARM.Collect$$libinit$$00000006)
    .ARM.Collect$$libinit$$0000000C          0x0800023a   Section        0  libinit2.o(.ARM.Collect$$libinit$$0000000C)
    .ARM.Collect$$libinit$$0000000E          0x0800023a   Section        0  libinit2.o(.ARM.Collect$$libinit$$0000000E)
    .ARM.Collect$$libinit$$00000010          0x0800023a   Section        0  libinit2.o(.ARM.Collect$$libinit$$00000010)
    .ARM.Collect$$libinit$$00000013          0x0800023a   Section        0  libinit2.o(.ARM.Collect$$libinit$$00000013)
    .ARM.Collect$$libinit$$00000015          0x0800023a   Section        0  libinit2.o(.ARM.Collect$$libinit$$00000015)
    .ARM.Collect$$libinit$$00000017          0x0800023a   Section        0  libinit2.o(.ARM.Collect$$libinit$$00000017)
    .ARM.Collect$$libinit$$00000019          0x0800023a   Section        0  libinit2.o(.ARM.Collect$$libinit$$00000019)
    .ARM.Collect$$libinit$$0000001B          0x0800023a   Section        0  libinit2.o(.ARM.Collect$$libinit$$0000001B)
    .ARM.Collect$$libinit$$0000001D          0x0800023a   Section        0  libinit2.o(.ARM.Collect$$libinit$$0000001D)
    .ARM.Collect$$libinit$$0000001F          0x0800023a   Section        0  libinit2.o(.ARM.Collect$$libinit$$0000001F)
    .ARM.Collect$$libinit$$00000021          0x0800023a   Section        0  libinit2.o(.ARM.Collect$$libinit$$00000021)
    .ARM.Collect$$libinit$$00000023          0x0800023a   Section        0  libinit2.o(.ARM.Collect$$libinit$$00000023)
    .ARM.Collect$$libinit$$00000025          0x0800023a   Section        0  libinit2.o(.ARM.Collect$$libinit$$00000025)
    .ARM.Collect$$libinit$$00000027          0x0800023a   Section        0  libinit2.o(.ARM.Collect$$libinit$$00000027)
    .ARM.Collect$$libinit$$0000002E          0x0800023a   Section        0  libinit2.o(.ARM.Collect$$libinit$$0000002E)
    .ARM.Collect$$libinit$$00000030          0x0800023a   Section        0  libinit2.o(.ARM.Collect$$libinit$$00000030)
    .ARM.Collect$$libinit$$00000032          0x0800023a   Section        0  libinit2.o(.ARM.Collect$$libinit$$00000032)
    .ARM.Collect$$libinit$$00000034          0x0800023a   Section        0  libinit2.o(.ARM.Collect$$libinit$$00000034)
    .ARM.Collect$$libinit$$00000035          0x0800023a   Section        2  libinit2.o(.ARM.Collect$$libinit$$00000035)
    .ARM.Collect$$libshutdown$$00000000      0x0800023c   Section        2  libshutdown.o(.ARM.Collect$$libshutdown$$00000000)
    .ARM.Collect$$libshutdown$$00000002      0x0800023e   Section        0  libshutdown2.o(.ARM.Collect$$libshutdown$$00000002)
    .ARM.Collect$$libshutdown$$00000004      0x0800023e   Section        0  libshutdown2.o(.ARM.Collect$$libshutdown$$00000004)
    .ARM.Collect$$libshutdown$$00000007      0x0800023e   Section        0  libshutdown2.o(.ARM.Collect$$libshutdown$$00000007)
    .ARM.Collect$$libshutdown$$0000000A      0x0800023e   Section        0  libshutdown2.o(.ARM.Collect$$libshutdown$$0000000A)
    .ARM.Collect$$libshutdown$$0000000C      0x0800023e   Section        0  libshutdown2.o(.ARM.Collect$$libshutdown$$0000000C)
    .ARM.Collect$$libshutdown$$0000000F      0x0800023e   Section        0  libshutdown2.o(.ARM.Collect$$libshutdown$$0000000F)
    .ARM.Collect$$libshutdown$$00000010      0x0800023e   Section        2  libshutdown2.o(.ARM.Collect$$libshutdown$$00000010)
    .ARM.Collect$$rtentry$$00000000          0x08000240   Section        0  __rtentry.o(.ARM.Collect$$rtentry$$00000000)
    .ARM.Collect$$rtentry$$00000002          0x08000240   Section        0  __rtentry2.o(.ARM.Collect$$rtentry$$00000002)
    .ARM.Collect$$rtentry$$00000004          0x08000240   Section        6  __rtentry4.o(.ARM.Collect$$rtentry$$00000004)
    .ARM.Collect$$rtentry$$00000009          0x08000246   Section        0  __rtentry2.o(.ARM.Collect$$rtentry$$00000009)
    .ARM.Collect$$rtentry$$0000000A          0x08000246   Section        4  __rtentry2.o(.ARM.Collect$$rtentry$$0000000A)
    .ARM.Collect$$rtentry$$0000000C          0x0800024a   Section        0  __rtentry2.o(.ARM.Collect$$rtentry$$0000000C)
    .ARM.Collect$$rtentry$$0000000D          0x0800024a   Section        8  __rtentry2.o(.ARM.Collect$$rtentry$$0000000D)
    .ARM.Collect$$rtexit$$00000000           0x08000252   Section        2  rtexit.o(.ARM.Collect$$rtexit$$00000000)
    .ARM.Collect$$rtexit$$00000002           0x08000254   Section        0  rtexit2.o(.ARM.Collect$$rtexit$$00000002)
    .ARM.Collect$$rtexit$$00000003           0x08000254   Section        4  rtexit2.o(.ARM.Collect$$rtexit$$00000003)
    .ARM.Collect$$rtexit$$00000004           0x08000258   Section        6  rtexit2.o(.ARM.Collect$$rtexit$$00000004)
    $v0                                      0x08000260   Number         0  startup_stm32f401xc.o(.text)
    .text                                    0x08000260   Section       64  startup_stm32f401xc.o(.text)
    .text                                    0x080002a0   Section      138  rt_memcpy_v6.o(.text)
    .text                                    0x0800032a   Section       16  aeabi_memset.o(.text)
    .text                                    0x0800033a   Section       86  strncpy.o(.text)
    .text                                    0x08000390   Section        0  heapauxi.o(.text)
    .text                                    0x08000396   Section      100  rt_memcpy_w.o(.text)
    .text                                    0x080003fa   Section       68  rt_memclr.o(.text)
    .text                                    0x0800043e   Section       78  rt_memclr_w.o(.text)
    .text                                    0x0800048c   Section       74  sys_stackheap_outer.o(.text)
    .text                                    0x080004d6   Section        0  exit.o(.text)
    .text                                    0x080004e8   Section        8  libspace.o(.text)
    .text                                    0x080004f0   Section        0  sys_exit.o(.text)
    .text                                    0x080004fc   Section        2  use_no_semi.o(.text)
    .text                                    0x080004fe   Section        0  indicate_semi.o(.text)
    [Anonymous Symbol]                       0x08000500   Section        0  tankgame.o(.text.ADC_Init)
    [Anonymous Symbol]                       0x0800055c   Section        0  tankgame.o(.text.ADC_Read)
    [Anonymous Symbol]                       0x08000600   Section        0  tankgame.o(.text.EXTI0_IRQHandler)
    [Anonymous Symbol]                       0x08000664   Section        0  tankgame.o(.text.EXTI1_IRQHandler)
    [Anonymous Symbol]                       0x080006c8   Section        0  tankgame.o(.text.Game_Init)
    [Anonymous Symbol]                       0x08000734   Section        0  tankgame.o(.text.Game_ProcessInput)
    [Anonymous Symbol]                       0x080008dc   Section        0  tankgame.o(.text.Game_RenderScreen)
    [Anonymous Symbol]                       0x08000978   Section        0  tankgame.o(.text.Game_ShowGameOver)
    [Anonymous Symbol]                       0x08000a24   Section        0  tankgame.o(.text.Game_UpdateBullets)
    [Anonymous Symbol]                       0x08000c9c   Section        0  tankgame.o(.text.Game_UpdateFreezeStates)
    [Anonymous Symbol]                       0x08000d60   Section        0  tankgame.o(.text.Game_UpdateIndicators)
    [Anonymous Symbol]                       0x08000e1c   Section        0  tankgame.o(.text.Game_UpdateScreenBuffer)
    [Anonymous Symbol]                       0x08000fd4   Section        0  tankgame.o(.text.I2C1_Init)
    [Anonymous Symbol]                       0x08001094   Section        0  tankgame.o(.text.I2C1_WriteMulti)
    [Anonymous Symbol]                       0x08001204   Section        0  tankgame.o(.text.LCD_Clear)
    [Anonymous Symbol]                       0x08001214   Section        0  tankgame.o(.text.LCD_CreateCustomChar)
    [Anonymous Symbol]                       0x08001260   Section        0  tankgame.o(.text.LCD_Init)
    [Anonymous Symbol]                       0x08001344   Section        0  tankgame.o(.text.LCD_InitCustomChars)
    [Anonymous Symbol]                       0x080013a0   Section        0  tankgame.o(.text.LCD_Print)
    [Anonymous Symbol]                       0x080013c4   Section        0  tankgame.o(.text.LCD_Send)
    [Anonymous Symbol]                       0x0800143c   Section        0  tankgame.o(.text.LCD_SendCmd)
    [Anonymous Symbol]                       0x08001454   Section        0  tankgame.o(.text.LCD_SendData)
    [Anonymous Symbol]                       0x0800146c   Section        0  tankgame.o(.text.LCD_SetCursor)
    [Anonymous Symbol]                       0x080014d8   Section        0  tankgame.o(.text.LCD_Write_Nibble)
    [Anonymous Symbol]                       0x08001508   Section        0  tankgame.o(.text.Peripherals_Init)
    [Anonymous Symbol]                       0x08001590   Section        0  tankgame.o(.text.SysTick_Handler)
    [Anonymous Symbol]                       0x080015a0   Section        0  tankgame.o(.text.SysTick_Init)
    [Anonymous Symbol]                       0x080015c8   Section        0  system_stm32f4xx.o(.text.SystemInit)
    [Anonymous Symbol]                       0x080015dc   Section        0  tankgame.o(.text.UART_Init)
    [Anonymous Symbol]                       0x08001648   Section        0  tankgame.o(.text.UART_SendChar)
    [Anonymous Symbol]                       0x0800168c   Section        0  tankgame.o(.text.UART_SendNumber)
    [Anonymous Symbol]                       0x080016a8   Section        0  tankgame.o(.text.UART_SendString)
    __NVIC_EnableIRQ                         0x080016cd   Thumb Code    48  tankgame.o(.text.__NVIC_EnableIRQ)
    [Anonymous Symbol]                       0x080016cc   Section        0  tankgame.o(.text.__NVIC_EnableIRQ)
    [Anonymous Symbol]                       0x080016fc   Section        0  tankgame.o(.text.delay_ms)
    [Anonymous Symbol]                       0x0800172c   Section        0  tankgame.o(.text.itoa_custom)
    [Anonymous Symbol]                       0x080017d0   Section        0  tankgame.o(.text.main)
    $v0                                      0x08001894   Number         0  fpinit.o(x$fpl$fpinit)
    x$fpl$fpinit                             0x08001894   Section       26  fpinit.o(x$fpl$fpinit)
    .L.str.13                                0x080018ae   Data          26  tankgame.o(.rodata.str1.1)
    [Anonymous Symbol]                       0x080018ae   Section        0  tankgame.o(.rodata.str1.1)
    .L.str.14                                0x080018c8   Data          19  tankgame.o(.rodata.str1.1)
    .L.str.10                                0x080018d8   Data           3  tankgame.o(.rodata.str1.1)
    .L.str.1                                 0x080018db   Data           4  tankgame.o(.rodata.str1.1)
    .L.str.9                                 0x080018df   Data          24  tankgame.o(.rodata.str1.1)
    .L.str.2                                 0x080018f7   Data          35  tankgame.o(.rodata.str1.1)
    .L.str                                   0x0800191a   Data          35  tankgame.o(.rodata.str1.1)
    .L.str.7                                 0x0800193d   Data          11  tankgame.o(.rodata.str1.1)
    .L.str.8                                 0x08001948   Data           7  tankgame.o(.rodata.str1.1)
    .L.str.4                                 0x0800194f   Data           5  tankgame.o(.rodata.str1.1)
    .L.str.12                                0x08001954   Data          11  tankgame.o(.rodata.str1.1)
    .L.str.3                                 0x0800195f   Data          20  tankgame.o(.rodata.str1.1)
    .L.str.11                                0x08001973   Data          20  tankgame.o(.rodata.str1.1)
    .L.str.6                                 0x08001987   Data          11  tankgame.o(.rodata.str1.1)
    .L.str.5                                 0x08001992   Data           7  tankgame.o(.rodata.str1.1)
    .bss                                     0x20000020   Section       96  libspace.o(.bss)
    Heap_Mem                                 0x20000168   Data         512  startup_stm32f401xc.o(HEAP)
    HEAP                                     0x20000168   Section      512  startup_stm32f401xc.o(HEAP)
    Stack_Mem                                0x20000368   Data        1024  startup_stm32f401xc.o(STACK)
    STACK                                    0x20000368   Section     1024  startup_stm32f401xc.o(STACK)
    __initial_sp                             0x20000768   Data           0  startup_stm32f401xc.o(STACK)

    Global Symbols

    Symbol Name                              Value     Ov Type        Size  Object(Section)

    BuildAttributes$$THM_ISAv4$E$P$D$K$B$S$7EM$VFPi3$EXTD16$VFPS$VFMA$PE$A:L22UL41UL21$X:L11$S22US41US21$IEEE1$IW$~IW$USESV6$~STKCKD$USESV7$~SHL$OSPACE$ROPI$EBA8$UX$STANDARDLIB$REQ8$PRES8$EABIv2 0x00000000   Number         0  anon$$obj.o ABSOLUTE
    __ARM_exceptions_init                     - Undefined Weak Reference
    __alloca_initialize                       - Undefined Weak Reference
    __arm_preinit_                            - Undefined Weak Reference
    __arm_relocate_pie_                       - Undefined Weak Reference
    __cpp_initialize__aeabi_                  - Undefined Weak Reference
    __cxa_finalize                            - Undefined Weak Reference
    __rt_locale                               - Undefined Weak Reference
    __sigvec_lookup                           - Undefined Weak Reference
    _atexit_init                              - Undefined Weak Reference
    _call_atexit_fns                          - Undefined Weak Reference
    _clock_init                               - Undefined Weak Reference
    _fp_trap_init                             - Undefined Weak Reference
    _fp_trap_shutdown                         - Undefined Weak Reference
    _get_lc_collate                           - Undefined Weak Reference
    _get_lc_ctype                             - Undefined Weak Reference
    _get_lc_monetary                          - Undefined Weak Reference
    _get_lc_numeric                           - Undefined Weak Reference
    _get_lc_time                              - Undefined Weak Reference
    _getenv_init                              - Undefined Weak Reference
    _handle_redirection                       - Undefined Weak Reference
    _init_alloc                               - Undefined Weak Reference
    _init_user_alloc                          - Undefined Weak Reference
    _initio                                   - Undefined Weak Reference
    _rand_init                                - Undefined Weak Reference
    _signal_finish                            - Undefined Weak Reference
    _signal_init                              - Undefined Weak Reference
    _terminate_alloc                          - Undefined Weak Reference
    _terminate_user_alloc                     - Undefined Weak Reference
    _terminateio                              - Undefined Weak Reference
    __Vectors_Size                           0x00000194   Number         0  startup_stm32f401xc.o ABSOLUTE
    __Vectors                                0x08000000   Data           4  startup_stm32f401xc.o(RESET)
    __Vectors_End                            0x08000194   Data           0  startup_stm32f401xc.o(RESET)
    __main                                   0x08000195   Thumb Code     8  __main.o(!!!main)
    __scatterload                            0x0800019d   Thumb Code     0  __scatter.o(!!!scatter)
    __scatterload_rt2                        0x0800019d   Thumb Code    84  __scatter.o(!!!scatter)
    __scatterload_rt2_thumb_only             0x0800019d   Thumb Code     0  __scatter.o(!!!scatter)
    __scatterload_loop                       0x080001a7   Thumb Code     0  __scatter.o(!!!scatter)
    __scatterload_copy                       0x080001f9   Thumb Code    26  __scatter_copy.o(!!handler_copy)
    __scatterload_null                       0x08000215   Thumb Code     2  __scatter.o(!!handler_null)
    __scatterload_zeroinit                   0x08000219   Thumb Code    28  __scatter_zi.o(!!handler_zi)
    __rt_lib_init                            0x08000235   Thumb Code     0  libinit.o(.ARM.Collect$$libinit$$00000000)
    __rt_lib_init_fp_1                       0x08000237   Thumb Code     0  libinit2.o(.ARM.Collect$$libinit$$00000001)
    __rt_lib_init_alloca_1                   0x0800023b   Thumb Code     0  libinit2.o(.ARM.Collect$$libinit$$00000030)
    __rt_lib_init_argv_1                     0x0800023b   Thumb Code     0  libinit2.o(.ARM.Collect$$libinit$$0000002E)
    __rt_lib_init_atexit_1                   0x0800023b   Thumb Code     0  libinit2.o(.ARM.Collect$$libinit$$0000001D)
    __rt_lib_init_clock_1                    0x0800023b   Thumb Code     0  libinit2.o(.ARM.Collect$$libinit$$00000023)
    __rt_lib_init_cpp_1                      0x0800023b   Thumb Code     0  libinit2.o(.ARM.Collect$$libinit$$00000034)
    __rt_lib_init_exceptions_1               0x0800023b   Thumb Code     0  libinit2.o(.ARM.Collect$$libinit$$00000032)
    __rt_lib_init_fp_trap_1                  0x0800023b   Thumb Code     0  libinit2.o(.ARM.Collect$$libinit$$00000021)
    __rt_lib_init_getenv_1                   0x0800023b   Thumb Code     0  libinit2.o(.ARM.Collect$$libinit$$00000025)
    __rt_lib_init_heap_1                     0x0800023b   Thumb Code     0  libinit2.o(.ARM.Collect$$libinit$$0000000C)
    __rt_lib_init_lc_collate_1               0x0800023b   Thumb Code     0  libinit2.o(.ARM.Collect$$libinit$$00000013)
    __rt_lib_init_lc_ctype_1                 0x0800023b   Thumb Code     0  libinit2.o(.ARM.Collect$$libinit$$00000015)
    __rt_lib_init_lc_monetary_1              0x0800023b   Thumb Code     0  libinit2.o(.ARM.Collect$$libinit$$00000017)
    __rt_lib_init_lc_numeric_1               0x0800023b   Thumb Code     0  libinit2.o(.ARM.Collect$$libinit$$00000019)
    __rt_lib_init_lc_time_1                  0x0800023b   Thumb Code     0  libinit2.o(.ARM.Collect$$libinit$$0000001B)
    __rt_lib_init_preinit_1                  0x0800023b   Thumb Code     0  libinit2.o(.ARM.Collect$$libinit$$00000006)
    __rt_lib_init_rand_1                     0x0800023b   Thumb Code     0  libinit2.o(.ARM.Collect$$libinit$$00000010)
    __rt_lib_init_relocate_pie_1             0x0800023b   Thumb Code     0  libinit2.o(.ARM.Collect$$libinit$$00000004)
    __rt_lib_init_return                     0x0800023b   Thumb Code     0  libinit2.o(.ARM.Collect$$libinit$$00000035)
    __rt_lib_init_signal_1                   0x0800023b   Thumb Code     0  libinit2.o(.ARM.Collect$$libinit$$0000001F)
    __rt_lib_init_stdio_1                    0x0800023b   Thumb Code     0  libinit2.o(.ARM.Collect$$libinit$$00000027)
    __rt_lib_init_user_alloc_1               0x0800023b   Thumb Code     0  libinit2.o(.ARM.Collect$$libinit$$0000000E)
    __rt_lib_shutdown                        0x0800023d   Thumb Code     0  libshutdown.o(.ARM.Collect$$libshutdown$$00000000)
    __rt_lib_shutdown_cpp_1                  0x0800023f   Thumb Code     0  libshutdown2.o(.ARM.Collect$$libshutdown$$00000002)
    __rt_lib_shutdown_fp_trap_1              0x0800023f   Thumb Code     0  libshutdown2.o(.ARM.Collect$$libshutdown$$00000007)
    __rt_lib_shutdown_heap_1                 0x0800023f   Thumb Code     0  libshutdown2.o(.ARM.Collect$$libshutdown$$0000000F)
    __rt_lib_shutdown_return                 0x0800023f   Thumb Code     0  libshutdown2.o(.ARM.Collect$$libshutdown$$00000010)
    __rt_lib_shutdown_signal_1               0x0800023f   Thumb Code     0  libshutdown2.o(.ARM.Collect$$libshutdown$$0000000A)
    __rt_lib_shutdown_stdio_1                0x0800023f   Thumb Code     0  libshutdown2.o(.ARM.Collect$$libshutdown$$00000004)
    __rt_lib_shutdown_user_alloc_1           0x0800023f   Thumb Code     0  libshutdown2.o(.ARM.Collect$$libshutdown$$0000000C)
    __rt_entry                               0x08000241   Thumb Code     0  __rtentry.o(.ARM.Collect$$rtentry$$00000000)
    __rt_entry_presh_1                       0x08000241   Thumb Code     0  __rtentry2.o(.ARM.Collect$$rtentry$$00000002)
    __rt_entry_sh                            0x08000241   Thumb Code     0  __rtentry4.o(.ARM.Collect$$rtentry$$00000004)
    __rt_entry_li                            0x08000247   Thumb Code     0  __rtentry2.o(.ARM.Collect$$rtentry$$0000000A)
    __rt_entry_postsh_1                      0x08000247   Thumb Code     0  __rtentry2.o(.ARM.Collect$$rtentry$$00000009)
    __rt_entry_main                          0x0800024b   Thumb Code     0  __rtentry2.o(.ARM.Collect$$rtentry$$0000000D)
    __rt_entry_postli_1                      0x0800024b   Thumb Code     0  __rtentry2.o(.ARM.Collect$$rtentry$$0000000C)
    __rt_exit                                0x08000253   Thumb Code     0  rtexit.o(.ARM.Collect$$rtexit$$00000000)
    __rt_exit_ls                             0x08000255   Thumb Code     0  rtexit2.o(.ARM.Collect$$rtexit$$00000003)
    __rt_exit_prels_1                        0x08000255   Thumb Code     0  rtexit2.o(.ARM.Collect$$rtexit$$00000002)
    __rt_exit_exit                           0x08000259   Thumb Code     0  rtexit2.o(.ARM.Collect$$rtexit$$00000004)
    Reset_Handler                            0x08000261   Thumb Code     8  startup_stm32f401xc.o(.text)
    NMI_Handler                              0x08000269   Thumb Code     2  startup_stm32f401xc.o(.text)
    HardFault_Handler                        0x0800026b   Thumb Code     2  startup_stm32f401xc.o(.text)
    MemManage_Handler                        0x0800026d   Thumb Code     2  startup_stm32f401xc.o(.text)
    BusFault_Handler                         0x0800026f   Thumb Code     2  startup_stm32f401xc.o(.text)
    UsageFault_Handler                       0x08000271   Thumb Code     2  startup_stm32f401xc.o(.text)
    SVC_Handler                              0x08000273   Thumb Code     2  startup_stm32f401xc.o(.text)
    DebugMon_Handler                         0x08000275   Thumb Code     2  startup_stm32f401xc.o(.text)
    PendSV_Handler                           0x08000277   Thumb Code     2  startup_stm32f401xc.o(.text)
    ADC_IRQHandler                           0x0800027b   Thumb Code     0  startup_stm32f401xc.o(.text)
    DMA1_Stream0_IRQHandler                  0x0800027b   Thumb Code     0  startup_stm32f401xc.o(.text)
    DMA1_Stream1_IRQHandler                  0x0800027b   Thumb Code     0  startup_stm32f401xc.o(.text)
    DMA1_Stream2_IRQHandler                  0x0800027b   Thumb Code     0  startup_stm32f401xc.o(.text)
    DMA1_Stream3_IRQHandler                  0x0800027b   Thumb Code     0  startup_stm32f401xc.o(.text)
    DMA1_Stream4_IRQHandler                  0x0800027b   Thumb Code     0  startup_stm32f401xc.o(.text)
    DMA1_Stream5_IRQHandler                  0x0800027b   Thumb Code     0  startup_stm32f401xc.o(.text)
    DMA1_Stream6_IRQHandler                  0x0800027b   Thumb Code     0  startup_stm32f401xc.o(.text)
    DMA1_Stream7_IRQHandler                  0x0800027b   Thumb Code     0  startup_stm32f401xc.o(.text)
    DMA2_Stream0_IRQHandler                  0x0800027b   Thumb Code     0  startup_stm32f401xc.o(.text)
    DMA2_Stream1_IRQHandler                  0x0800027b   Thumb Code     0  startup_stm32f401xc.o(.text)
    DMA2_Stream2_IRQHandler                  0x0800027b   Thumb Code     0  startup_stm32f401xc.o(.text)
    DMA2_Stream3_IRQHandler                  0x0800027b   Thumb Code     0  startup_stm32f401xc.o(.text)
    DMA2_Stream4_IRQHandler                  0x0800027b   Thumb Code     0  startup_stm32f401xc.o(.text)
    DMA2_Stream5_IRQHandler                  0x0800027b   Thumb Code     0  startup_stm32f401xc.o(.text)
    DMA2_Stream6_IRQHandler                  0x0800027b   Thumb Code     0  startup_stm32f401xc.o(.text)
    DMA2_Stream7_IRQHandler                  0x0800027b   Thumb Code     0  startup_stm32f401xc.o(.text)
    EXTI15_10_IRQHandler                     0x0800027b   Thumb Code     0  startup_stm32f401xc.o(.text)
    EXTI2_IRQHandler                         0x0800027b   Thumb Code     0  startup_stm32f401xc.o(.text)
    EXTI3_IRQHandler                         0x0800027b   Thumb Code     0  startup_stm32f401xc.o(.text)
    EXTI4_IRQHandler                         0x0800027b   Thumb Code     0  startup_stm32f401xc.o(.text)
    EXTI9_5_IRQHandler                       0x0800027b   Thumb Code     0  startup_stm32f401xc.o(.text)
    FLASH_IRQHandler                         0x0800027b   Thumb Code     0  startup_stm32f401xc.o(.text)
    FPU_IRQHandler                           0x0800027b   Thumb Code     0  startup_stm32f401xc.o(.text)
    I2C1_ER_IRQHandler                       0x0800027b   Thumb Code     0  startup_stm32f401xc.o(.text)
    I2C1_EV_IRQHandler                       0x0800027b   Thumb Code     0  startup_stm32f401xc.o(.text)
    I2C2_ER_IRQHandler                       0x0800027b   Thumb Code     0  startup_stm32f401xc.o(.text)
    I2C2_EV_IRQHandler                       0x0800027b   Thumb Code     0  startup_stm32f401xc.o(.text)
    I2C3_ER_IRQHandler                       0x0800027b   Thumb Code     0  startup_stm32f401xc.o(.text)
    I2C3_EV_IRQHandler                       0x0800027b   Thumb Code     0  startup_stm32f401xc.o(.text)
    OTG_FS_IRQHandler                        0x0800027b   Thumb Code     0  startup_stm32f401xc.o(.text)
    OTG_FS_WKUP_IRQHandler                   0x0800027b   Thumb Code     0  startup_stm32f401xc.o(.text)
    PVD_IRQHandler                           0x0800027b   Thumb Code     0  startup_stm32f401xc.o(.text)
    RCC_IRQHandler                           0x0800027b   Thumb Code     0  startup_stm32f401xc.o(.text)
    RTC_Alarm_IRQHandler                     0x0800027b   Thumb Code     0  startup_stm32f401xc.o(.text)
    RTC_WKUP_IRQHandler                      0x0800027b   Thumb Code     0  startup_stm32f401xc.o(.text)
    SDIO_IRQHandler                          0x0800027b   Thumb Code     0  startup_stm32f401xc.o(.text)
    SPI1_IRQHandler                          0x0800027b   Thumb Code     0  startup_stm32f401xc.o(.text)
    SPI2_IRQHandler                          0x0800027b   Thumb Code     0  startup_stm32f401xc.o(.text)
    SPI3_IRQHandler                          0x0800027b   Thumb Code     0  startup_stm32f401xc.o(.text)
    SPI4_IRQHandler                          0x0800027b   Thumb Code     0  startup_stm32f401xc.o(.text)
    TAMP_STAMP_IRQHandler                    0x0800027b   Thumb Code     0  startup_stm32f401xc.o(.text)
    TIM1_BRK_TIM9_IRQHandler                 0x0800027b   Thumb Code     0  startup_stm32f401xc.o(.text)
    TIM1_CC_IRQHandler                       0x0800027b   Thumb Code     0  startup_stm32f401xc.o(.text)
    TIM1_TRG_COM_TIM11_IRQHandler            0x0800027b   Thumb Code     0  startup_stm32f401xc.o(.text)
    TIM1_UP_TIM10_IRQHandler                 0x0800027b   Thumb Code     0  startup_stm32f401xc.o(.text)
    TIM2_IRQHandler                          0x0800027b   Thumb Code     0  startup_stm32f401xc.o(.text)
    TIM3_IRQHandler                          0x0800027b   Thumb Code     0  startup_stm32f401xc.o(.text)
    TIM4_IRQHandler                          0x0800027b   Thumb Code     0  startup_stm32f401xc.o(.text)
    TIM5_IRQHandler                          0x0800027b   Thumb Code     0  startup_stm32f401xc.o(.text)
    USART1_IRQHandler                        0x0800027b   Thumb Code     0  startup_stm32f401xc.o(.text)
    USART2_IRQHandler                        0x0800027b   Thumb Code     0  startup_stm32f401xc.o(.text)
    USART6_IRQHandler                        0x0800027b   Thumb Code     0  startup_stm32f401xc.o(.text)
    WWDG_IRQHandler                          0x0800027b   Thumb Code     0  startup_stm32f401xc.o(.text)
    __user_initial_stackheap                 0x0800027d   Thumb Code     0  startup_stm32f401xc.o(.text)
    __aeabi_memcpy                           0x080002a1   Thumb Code     0  rt_memcpy_v6.o(.text)
    __rt_memcpy                              0x080002a1   Thumb Code   138  rt_memcpy_v6.o(.text)
    _memcpy_lastbytes                        0x08000307   Thumb Code     0  rt_memcpy_v6.o(.text)
    __aeabi_memset                           0x0800032b   Thumb Code    16  aeabi_memset.o(.text)
    strncpy                                  0x0800033b   Thumb Code    86  strncpy.o(.text)
    __use_two_region_memory                  0x08000391   Thumb Code     2  heapauxi.o(.text)
    __rt_heap_escrow$2region                 0x08000393   Thumb Code     2  heapauxi.o(.text)
    __rt_heap_expand$2region                 0x08000395   Thumb Code     2  heapauxi.o(.text)
    __aeabi_memcpy4                          0x08000397   Thumb Code     0  rt_memcpy_w.o(.text)
    __aeabi_memcpy8                          0x08000397   Thumb Code     0  rt_memcpy_w.o(.text)
    __rt_memcpy_w                            0x08000397   Thumb Code   100  rt_memcpy_w.o(.text)
    _memcpy_lastbytes_aligned                0x080003df   Thumb Code     0  rt_memcpy_w.o(.text)
    __aeabi_memclr                           0x080003fb   Thumb Code     0  rt_memclr.o(.text)
    __rt_memclr                              0x080003fb   Thumb Code     0  rt_memclr.o(.text)
    _memset                                  0x080003ff   Thumb Code    64  rt_memclr.o(.text)
    __aeabi_memclr4                          0x0800043f   Thumb Code     0  rt_memclr_w.o(.text)
    __aeabi_memclr8                          0x0800043f   Thumb Code     0  rt_memclr_w.o(.text)
    __rt_memclr_w                            0x0800043f   Thumb Code     0  rt_memclr_w.o(.text)
    _memset_w                                0x08000443   Thumb Code    74  rt_memclr_w.o(.text)
    __user_setup_stackheap                   0x0800048d   Thumb Code    74  sys_stackheap_outer.o(.text)
    exit                                     0x080004d7   Thumb Code    18  exit.o(.text)
    __user_libspace                          0x080004e9   Thumb Code     8  libspace.o(.text)
    __user_perproc_libspace                  0x080004e9   Thumb Code     0  libspace.o(.text)
    __user_perthread_libspace                0x080004e9   Thumb Code     0  libspace.o(.text)
    _sys_exit                                0x080004f1   Thumb Code     8  sys_exit.o(.text)
    __I$use$semihosting                      0x080004fd   Thumb Code     0  use_no_semi.o(.text)
    __use_no_semihosting_swi                 0x080004fd   Thumb Code     2  use_no_semi.o(.text)
    __semihosting_library_function           0x080004ff   Thumb Code     0  indicate_semi.o(.text)
    ADC_Init                                 0x08000501   Thumb Code    90  tankgame.o(.text.ADC_Init)
    ADC_Read                                 0x0800055d   Thumb Code   162  tankgame.o(.text.ADC_Read)
    EXTI0_IRQHandler                         0x08000601   Thumb Code    98  tankgame.o(.text.EXTI0_IRQHandler)
    EXTI1_IRQHandler                         0x08000665   Thumb Code   100  tankgame.o(.text.EXTI1_IRQHandler)
    Game_Init                                0x080006c9   Thumb Code   106  tankgame.o(.text.Game_Init)
    Game_ProcessInput                        0x08000735   Thumb Code   422  tankgame.o(.text.Game_ProcessInput)
    Game_RenderScreen                        0x080008dd   Thumb Code   156  tankgame.o(.text.Game_RenderScreen)
    Game_ShowGameOver                        0x08000979   Thumb Code   172  tankgame.o(.text.Game_ShowGameOver)
    Game_UpdateBullets                       0x08000a25   Thumb Code   630  tankgame.o(.text.Game_UpdateBullets)
    Game_UpdateFreezeStates                  0x08000c9d   Thumb Code   194  tankgame.o(.text.Game_UpdateFreezeStates)
    Game_UpdateIndicators                    0x08000d61   Thumb Code   186  tankgame.o(.text.Game_UpdateIndicators)
    Game_UpdateScreenBuffer                  0x08000e1d   Thumb Code   438  tankgame.o(.text.Game_UpdateScreenBuffer)
    I2C1_Init                                0x08000fd5   Thumb Code   190  tankgame.o(.text.I2C1_Init)
    I2C1_WriteMulti                          0x08001095   Thumb Code   366  tankgame.o(.text.I2C1_WriteMulti)
    LCD_Clear                                0x08001205   Thumb Code    16  tankgame.o(.text.LCD_Clear)
    LCD_CreateCustomChar                     0x08001215   Thumb Code    76  tankgame.o(.text.LCD_CreateCustomChar)
    LCD_Init                                 0x08001261   Thumb Code   228  tankgame.o(.text.LCD_Init)
    LCD_InitCustomChars                      0x08001345   Thumb Code    92  tankgame.o(.text.LCD_InitCustomChars)
    LCD_Print                                0x080013a1   Thumb Code    34  tankgame.o(.text.LCD_Print)
    LCD_Send                                 0x080013c5   Thumb Code   120  tankgame.o(.text.LCD_Send)
    LCD_SendCmd                              0x0800143d   Thumb Code    22  tankgame.o(.text.LCD_SendCmd)
    LCD_SendData                             0x08001455   Thumb Code    22  tankgame.o(.text.LCD_SendData)
    LCD_SetCursor                            0x0800146d   Thumb Code   106  tankgame.o(.text.LCD_SetCursor)
    LCD_Write_Nibble                         0x080014d9   Thumb Code    48  tankgame.o(.text.LCD_Write_Nibble)
    Peripherals_Init                         0x08001509   Thumb Code   136  tankgame.o(.text.Peripherals_Init)
    SysTick_Handler                          0x08001591   Thumb Code    16  tankgame.o(.text.SysTick_Handler)
    SysTick_Init                             0x080015a1   Thumb Code    40  tankgame.o(.text.SysTick_Init)
    SystemInit                               0x080015c9   Thumb Code    18  system_stm32f4xx.o(.text.SystemInit)
    UART_Init                                0x080015dd   Thumb Code   106  tankgame.o(.text.UART_Init)
    UART_SendChar                            0x08001649   Thumb Code    66  tankgame.o(.text.UART_SendChar)
    UART_SendNumber                          0x0800168d   Thumb Code    26  tankgame.o(.text.UART_SendNumber)
    UART_SendString                          0x080016a9   Thumb Code    34  tankgame.o(.text.UART_SendString)
    delay_ms                                 0x080016fd   Thumb Code    46  tankgame.o(.text.delay_ms)
    itoa_custom                              0x0800172d   Thumb Code   164  tankgame.o(.text.itoa_custom)
    main                                     0x080017d1   Thumb Code   196  tankgame.o(.text.main)
    _fp_init                                 0x08001895   Thumb Code    26  fpinit.o(x$fpl$fpinit)
    __fplib_config_fpu_vfp                   0x080018ad   Thumb Code     0  fpinit.o(x$fpl$fpinit)
    __fplib_config_pureend_doubles           0x080018ad   Thumb Code     0  fpinit.o(x$fpl$fpinit)
    Region$$Table$$Base                      0x0800199c   Number         0  anon$$obj.o(Region$$Table)
    Region$$Table$$Limit                     0x080019bc   Number         0  anon$$obj.o(Region$$Table)
    player1_name                             0x20000000   Data          16  tankgame.o(.data.player1_name)
    player2_name                             0x20000010   Data          16  tankgame.o(.data.player2_name)
    __libspace_start                         0x20000020   Data          96  libspace.o(.bss)
    __temporary_stack_top$libspace           0x20000080   Data           0  libspace.o(.bss)
    button_pressed_flag                      0x20000080   Data           1  tankgame.o(.bss.button_pressed_flag)
    game                                     0x20000084   Data          48  tankgame.o(.bss.game)
    last_button_press_time                   0x200000b4   Data           4  tankgame.o(.bss.last_button_press_time)
    last_screen_buffer                       0x200000b8   Data          84  tankgame.o(.bss.last_screen_buffer)
    screen_buffer                            0x2000010c   Data          84  tankgame.o(.bss.screen_buffer)
    systick_ticks                            0x20000160   Data           4  tankgame.o(.bss.systick_ticks)



==============================================================================

Memory Map of the image

  Image Entry point : 0x08000261

  Load Region LR_1 (Base: 0x08000000, Size: 0x000019dc, Max: 0xffffffff, ABSOLUTE)

    Execution Region ER_RO (Exec base: 0x08000000, Load base: 0x08000000, Size: 0x000019bc, Max: 0xffffffff, ABSOLUTE)

    Exec Addr    Load Addr    Size         Type   Attr      Idx    E Section Name        Object

    0x08000000   0x08000000   0x00000194   Data   RO           91    RESET               startup_stm32f401xc.o
    0x08000194   0x08000194   0x00000008   Code   RO          122  * !!!main             c_w.l(__main.o)
    0x0800019c   0x0800019c   0x0000005c   Code   RO          293    !!!scatter          c_w.l(__scatter.o)
    0x080001f8   0x080001f8   0x0000001a   Code   RO          297    !!handler_copy      c_w.l(__scatter_copy.o)
    0x08000212   0x08000212   0x00000002   PAD
    0x08000214   0x08000214   0x00000002   Code   RO          294    !!handler_null      c_w.l(__scatter.o)
    0x08000216   0x08000216   0x00000002   PAD
    0x08000218   0x08000218   0x0000001c   Code   RO          299    !!handler_zi        c_w.l(__scatter_zi.o)
    0x08000234   0x08000234   0x00000002   Code   RO          155    .ARM.Collect$$libinit$$00000000  c_w.l(libinit.o)
    0x08000236   0x08000236   0x00000004   Code   RO          161    .ARM.Collect$$libinit$$00000001  c_w.l(libinit2.o)
    0x0800023a   0x0800023a   0x00000000   Code   RO          164    .ARM.Collect$$libinit$$00000004  c_w.l(libinit2.o)
    0x0800023a   0x0800023a   0x00000000   Code   RO          166    .ARM.Collect$$libinit$$00000006  c_w.l(libinit2.o)
    0x0800023a   0x0800023a   0x00000000   Code   RO          169    .ARM.Collect$$libinit$$0000000C  c_w.l(libinit2.o)
    0x0800023a   0x0800023a   0x00000000   Code   RO          171    .ARM.Collect$$libinit$$0000000E  c_w.l(libinit2.o)
    0x0800023a   0x0800023a   0x00000000   Code   RO          173    .ARM.Collect$$libinit$$00000010  c_w.l(libinit2.o)
    0x0800023a   0x0800023a   0x00000000   Code   RO          176    .ARM.Collect$$libinit$$00000013  c_w.l(libinit2.o)
    0x0800023a   0x0800023a   0x00000000   Code   RO          178    .ARM.Collect$$libinit$$00000015  c_w.l(libinit2.o)
    0x0800023a   0x0800023a   0x00000000   Code   RO          180    .ARM.Collect$$libinit$$00000017  c_w.l(libinit2.o)
    0x0800023a   0x0800023a   0x00000000   Code   RO          182    .ARM.Collect$$libinit$$00000019  c_w.l(libinit2.o)
    0x0800023a   0x0800023a   0x00000000   Code   RO          184    .ARM.Collect$$libinit$$0000001B  c_w.l(libinit2.o)
    0x0800023a   0x0800023a   0x00000000   Code   RO          186    .ARM.Collect$$libinit$$0000001D  c_w.l(libinit2.o)
    0x0800023a   0x0800023a   0x00000000   Code   RO          188    .ARM.Collect$$libinit$$0000001F  c_w.l(libinit2.o)
    0x0800023a   0x0800023a   0x00000000   Code   RO          190    .ARM.Collect$$libinit$$00000021  c_w.l(libinit2.o)
    0x0800023a   0x0800023a   0x00000000   Code   RO          192    .ARM.Collect$$libinit$$00000023  c_w.l(libinit2.o)
    0x0800023a   0x0800023a   0x00000000   Code   RO          194    .ARM.Collect$$libinit$$00000025  c_w.l(libinit2.o)
    0x0800023a   0x0800023a   0x00000000   Code   RO          196    .ARM.Collect$$libinit$$00000027  c_w.l(libinit2.o)
    0x0800023a   0x0800023a   0x00000000   Code   RO          200    .ARM.Collect$$libinit$$0000002E  c_w.l(libinit2.o)
    0x0800023a   0x0800023a   0x00000000   Code   RO          202    .ARM.Collect$$libinit$$00000030  c_w.l(libinit2.o)
    0x0800023a   0x0800023a   0x00000000   Code   RO          204    .ARM.Collect$$libinit$$00000032  c_w.l(libinit2.o)
    0x0800023a   0x0800023a   0x00000000   Code   RO          206    .ARM.Collect$$libinit$$00000034  c_w.l(libinit2.o)
    0x0800023a   0x0800023a   0x00000002   Code   RO          207    .ARM.Collect$$libinit$$00000035  c_w.l(libinit2.o)
    0x0800023c   0x0800023c   0x00000002   Code   RO          229    .ARM.Collect$$libshutdown$$00000000  c_w.l(libshutdown.o)
    0x0800023e   0x0800023e   0x00000000   Code   RO          244    .ARM.Collect$$libshutdown$$00000002  c_w.l(libshutdown2.o)
    0x0800023e   0x0800023e   0x00000000   Code   RO          246    .ARM.Collect$$libshutdown$$00000004  c_w.l(libshutdown2.o)
    0x0800023e   0x0800023e   0x00000000   Code   RO          249    .ARM.Collect$$libshutdown$$00000007  c_w.l(libshutdown2.o)
    0x0800023e   0x0800023e   0x00000000   Code   RO          252    .ARM.Collect$$libshutdown$$0000000A  c_w.l(libshutdown2.o)
    0x0800023e   0x0800023e   0x00000000   Code   RO          254    .ARM.Collect$$libshutdown$$0000000C  c_w.l(libshutdown2.o)
    0x0800023e   0x0800023e   0x00000000   Code   RO          257    .ARM.Collect$$libshutdown$$0000000F  c_w.l(libshutdown2.o)
    0x0800023e   0x0800023e   0x00000002   Code   RO          258    .ARM.Collect$$libshutdown$$00000010  c_w.l(libshutdown2.o)
    0x08000240   0x08000240   0x00000000   Code   RO          124    .ARM.Collect$$rtentry$$00000000  c_w.l(__rtentry.o)
    0x08000240   0x08000240   0x00000000   Code   RO          130    .ARM.Collect$$rtentry$$00000002  c_w.l(__rtentry2.o)
    0x08000240   0x08000240   0x00000006   Code   RO          142    .ARM.Collect$$rtentry$$00000004  c_w.l(__rtentry4.o)
    0x08000246   0x08000246   0x00000000   Code   RO          132    .ARM.Collect$$rtentry$$00000009  c_w.l(__rtentry2.o)
    0x08000246   0x08000246   0x00000004   Code   RO          133    .ARM.Collect$$rtentry$$0000000A  c_w.l(__rtentry2.o)
    0x0800024a   0x0800024a   0x00000000   Code   RO          135    .ARM.Collect$$rtentry$$0000000C  c_w.l(__rtentry2.o)
    0x0800024a   0x0800024a   0x00000008   Code   RO          136    .ARM.Collect$$rtentry$$0000000D  c_w.l(__rtentry2.o)
    0x08000252   0x08000252   0x00000002   Code   RO          159    .ARM.Collect$$rtexit$$00000000  c_w.l(rtexit.o)
    0x08000254   0x08000254   0x00000000   Code   RO          209    .ARM.Collect$$rtexit$$00000002  c_w.l(rtexit2.o)
    0x08000254   0x08000254   0x00000004   Code   RO          210    .ARM.Collect$$rtexit$$00000003  c_w.l(rtexit2.o)
    0x08000258   0x08000258   0x00000006   Code   RO          211    .ARM.Collect$$rtexit$$00000004  c_w.l(rtexit2.o)
    0x0800025e   0x0800025e   0x00000002   PAD
    0x08000260   0x08000260   0x00000040   Code   RO           92  * .text               startup_stm32f401xc.o
    0x080002a0   0x080002a0   0x0000008a   Code   RO          114    .text               c_w.l(rt_memcpy_v6.o)
    0x0800032a   0x0800032a   0x00000010   Code   RO          116    .text               c_w.l(aeabi_memset.o)
    0x0800033a   0x0800033a   0x00000056   Code   RO          118    .text               c_w.l(strncpy.o)
    0x08000390   0x08000390   0x00000006   Code   RO          120    .text               c_w.l(heapauxi.o)
    0x08000396   0x08000396   0x00000064   Code   RO          125    .text               c_w.l(rt_memcpy_w.o)
    0x080003fa   0x080003fa   0x00000044   Code   RO          127    .text               c_w.l(rt_memclr.o)
    0x0800043e   0x0800043e   0x0000004e   Code   RO          144    .text               c_w.l(rt_memclr_w.o)
    0x0800048c   0x0800048c   0x0000004a   Code   RO          146    .text               c_w.l(sys_stackheap_outer.o)
    0x080004d6   0x080004d6   0x00000012   Code   RO          148    .text               c_w.l(exit.o)
    0x080004e8   0x080004e8   0x00000008   Code   RO          156    .text               c_w.l(libspace.o)
    0x080004f0   0x080004f0   0x0000000c   Code   RO          219    .text               c_w.l(sys_exit.o)
    0x080004fc   0x080004fc   0x00000002   Code   RO          234    .text               c_w.l(use_no_semi.o)
    0x080004fe   0x080004fe   0x00000000   Code   RO          236    .text               c_w.l(indicate_semi.o)
    0x080004fe   0x080004fe   0x00000002   PAD
    0x08000500   0x08000500   0x0000005a   Code   RO           28    .text.ADC_Init      tankgame.o
    0x0800055a   0x0800055a   0x00000002   PAD
    0x0800055c   0x0800055c   0x000000a2   Code   RO           30    .text.ADC_Read      tankgame.o
    0x080005fe   0x080005fe   0x00000002   PAD
    0x08000600   0x08000600   0x00000062   Code   RO           44    .text.EXTI0_IRQHandler  tankgame.o
    0x08000662   0x08000662   0x00000002   PAD
    0x08000664   0x08000664   0x00000064   Code   RO           46    .text.EXTI1_IRQHandler  tankgame.o
    0x080006c8   0x080006c8   0x0000006a   Code   RO           54    .text.Game_Init     tankgame.o
    0x08000732   0x08000732   0x00000002   PAD
    0x08000734   0x08000734   0x000001a6   Code   RO           60    .text.Game_ProcessInput  tankgame.o
    0x080008da   0x080008da   0x00000002   PAD
    0x080008dc   0x080008dc   0x0000009c   Code   RO           66    .text.Game_RenderScreen  tankgame.o
    0x08000978   0x08000978   0x000000ac   Code   RO           68    .text.Game_ShowGameOver  tankgame.o
    0x08000a24   0x08000a24   0x00000276   Code   RO           62    .text.Game_UpdateBullets  tankgame.o
    0x08000c9a   0x08000c9a   0x00000002   PAD
    0x08000c9c   0x08000c9c   0x000000c2   Code   RO           56    .text.Game_UpdateFreezeStates  tankgame.o
    0x08000d5e   0x08000d5e   0x00000002   PAD
    0x08000d60   0x08000d60   0x000000ba   Code   RO           58    .text.Game_UpdateIndicators  tankgame.o
    0x08000e1a   0x08000e1a   0x00000002   PAD
    0x08000e1c   0x08000e1c   0x000001b6   Code   RO           64    .text.Game_UpdateScreenBuffer  tankgame.o
    0x08000fd2   0x08000fd2   0x00000002   PAD
    0x08000fd4   0x08000fd4   0x000000be   Code   RO            6    .text.I2C1_Init     tankgame.o
    0x08001092   0x08001092   0x00000002   PAD
    0x08001094   0x08001094   0x0000016e   Code   RO            8    .text.I2C1_WriteMulti  tankgame.o
    0x08001202   0x08001202   0x00000002   PAD
    0x08001204   0x08001204   0x00000010   Code   RO           26    .text.LCD_Clear     tankgame.o
    0x08001214   0x08001214   0x0000004c   Code   RO           20    .text.LCD_CreateCustomChar  tankgame.o
    0x08001260   0x08001260   0x000000e4   Code   RO           18    .text.LCD_Init      tankgame.o
    0x08001344   0x08001344   0x0000005c   Code   RO           52    .text.LCD_InitCustomChars  tankgame.o
    0x080013a0   0x080013a0   0x00000022   Code   RO           24    .text.LCD_Print     tankgame.o
    0x080013c2   0x080013c2   0x00000002   PAD
    0x080013c4   0x080013c4   0x00000078   Code   RO           12    .text.LCD_Send      tankgame.o
    0x0800143c   0x0800143c   0x00000016   Code   RO           14    .text.LCD_SendCmd   tankgame.o
    0x08001452   0x08001452   0x00000002   PAD
    0x08001454   0x08001454   0x00000016   Code   RO           16    .text.LCD_SendData  tankgame.o
    0x0800146a   0x0800146a   0x00000002   PAD
    0x0800146c   0x0800146c   0x0000006a   Code   RO           22    .text.LCD_SetCursor  tankgame.o
    0x080014d6   0x080014d6   0x00000002   PAD
    0x080014d8   0x080014d8   0x00000030   Code   RO           10    .text.LCD_Write_Nibble  tankgame.o
    0x08001508   0x08001508   0x00000088   Code   RO           40    .text.Peripherals_Init  tankgame.o
    0x08001590   0x08001590   0x00000010   Code   RO           50    .text.SysTick_Handler  tankgame.o
    0x080015a0   0x080015a0   0x00000028   Code   RO           48    .text.SysTick_Init  tankgame.o
    0x080015c8   0x080015c8   0x00000012   Code   RO           99    .text.SystemInit    system_stm32f4xx.o
    0x080015da   0x080015da   0x00000002   PAD
    0x080015dc   0x080015dc   0x0000006a   Code   RO           32    .text.UART_Init     tankgame.o
    0x08001646   0x08001646   0x00000002   PAD
    0x08001648   0x08001648   0x00000042   Code   RO           34    .text.UART_SendChar  tankgame.o
    0x0800168a   0x0800168a   0x00000002   PAD
    0x0800168c   0x0800168c   0x0000001a   Code   RO           38    .text.UART_SendNumber  tankgame.o
    0x080016a6   0x080016a6   0x00000002   PAD
    0x080016a8   0x080016a8   0x00000022   Code   RO           36    .text.UART_SendString  tankgame.o
    0x080016ca   0x080016ca   0x00000002   PAD
    0x080016cc   0x080016cc   0x00000030   Code   RO           42    .text.__NVIC_EnableIRQ  tankgame.o
    0x080016fc   0x080016fc   0x0000002e   Code   RO            2    .text.delay_ms      tankgame.o
    0x0800172a   0x0800172a   0x00000002   PAD
    0x0800172c   0x0800172c   0x000000a4   Code   RO            4    .text.itoa_custom   tankgame.o
    0x080017d0   0x080017d0   0x000000c4   Code   RO           70    .text.main          tankgame.o
    0x08001894   0x08001894   0x0000001a   Code   RO          217    x$fpl$fpinit        fz_wm.l(fpinit.o)
    0x080018ae   0x080018ae   0x000000eb   Data   RO           81    .rodata.str1.1      tankgame.o
    0x08001999   0x08001999   0x00000003   PAD
    0x0800199c   0x0800199c   0x00000020   Data   RO          292    Region$$Table       anon$$obj.o


    Execution Region ER_RW (Exec base: 0x20000000, Load base: 0x080019bc, Size: 0x00000020, Max: 0xffffffff, ABSOLUTE)

    Exec Addr    Load Addr    Size         Type   Attr      Idx    E Section Name        Object

    0x20000000   0x080019bc   0x00000010   Data   RW           75    .data.player1_name  tankgame.o
    0x20000010   0x080019cc   0x00000010   Data   RW           76    .data.player2_name  tankgame.o


    Execution Region ER_ZI (Exec base: 0x20000020, Load base: 0x080019dc, Size: 0x00000748, Max: 0xffffffff, ABSOLUTE)

    Exec Addr    Load Addr    Size         Type   Attr      Idx    E Section Name        Object

    0x20000020        -       0x00000060   Zero   RW          157    .bss                c_w.l(libspace.o)
    0x20000080        -       0x00000001   Zero   RW           73    .bss.button_pressed_flag  tankgame.o
    0x20000081   0x080019dc   0x00000003   PAD
    0x20000084        -       0x00000030   Zero   RW           78    .bss.game           tankgame.o
    0x200000b4        -       0x00000004   Zero   RW           74    .bss.last_button_press_time  tankgame.o
    0x200000b8        -       0x00000054   Zero   RW           80    .bss.last_screen_buffer  tankgame.o
    0x2000010c        -       0x00000054   Zero   RW           79    .bss.screen_buffer  tankgame.o
    0x20000160        -       0x00000004   Zero   RW           72    .bss.systick_ticks  tankgame.o
    0x20000164   0x080019dc   0x00000004   PAD
    0x20000168        -       0x00000200   Zero   RW           90    HEAP                startup_stm32f401xc.o
    0x20000368        -       0x00000400   Zero   RW           89    STACK               startup_stm32f401xc.o


==============================================================================

Image component sizes


      Code (inc. data)   RO Data    RW Data    ZI Data      Debug   Object Name

        64         26        404          0       1536        888   startup_stm32f401xc.o
        18          0          0          0          0       2813   system_stm32f4xx.o
      4952          4        235         32        225      12874   tankgame.o

    ----------------------------------------------------------------------
      5076         30        674         32       1768      16575   Object Totals
         0          0         32          0          0          0   (incl. Generated)
        42          0          3          0          7          0   (incl. Padding)

    ----------------------------------------------------------------------

      Code (inc. data)   RO Data    RW Data    ZI Data      Debug   Library Member Name

         8          0          0          0          0         68   __main.o
         0          0          0          0          0          0   __rtentry.o
        12          0          0          0          0          0   __rtentry2.o
         6          0          0          0          0          0   __rtentry4.o
        94          8          0          0          0          0   __scatter.o
        26          0          0          0          0          0   __scatter_copy.o
        28          0          0          0          0          0   __scatter_zi.o
        16          0          0          0          0         68   aeabi_memset.o
        18          0          0          0          0         80   exit.o
         6          0          0          0          0        152   heapauxi.o
         0          0          0          0          0          0   indicate_semi.o
         2          0          0          0          0          0   libinit.o
         6          0          0          0          0          0   libinit2.o
         2          0          0          0          0          0   libshutdown.o
         2          0          0          0          0          0   libshutdown2.o
         8          4          0          0         96         68   libspace.o
        68          0          0          0          0         68   rt_memclr.o
        78          0          0          0          0         80   rt_memclr_w.o
       138          0          0          0          0         68   rt_memcpy_v6.o
       100          0          0          0          0         80   rt_memcpy_w.o
         2          0          0          0          0          0   rtexit.o
        10          0          0          0          0          0   rtexit2.o
        86          0          0          0          0         76   strncpy.o
        12          4          0          0          0         68   sys_exit.o
        74          0          0          0          0         80   sys_stackheap_outer.o
         2          0          0          0          0         68   use_no_semi.o
        26          0          0          0          0        116   fpinit.o

    ----------------------------------------------------------------------
       838         16          0          0         96       1140   Library Totals
         8          0          0          0          0          0   (incl. Padding)

    ----------------------------------------------------------------------

      Code (inc. data)   RO Data    RW Data    ZI Data      Debug   Library Name

       804         16          0          0         96       1024   c_w.l
        26          0          0          0          0        116   fz_wm.l

    ----------------------------------------------------------------------
       838         16          0          0         96       1140   Library Totals

    ----------------------------------------------------------------------

==============================================================================


      Code (inc. data)   RO Data    RW Data    ZI Data      Debug   

      5914         46        674         32       1864      17295   Grand Totals
      5914         46        674         32       1864      17295   ELF Image Totals
      5914         46        674         32          0          0   ROM Totals

==============================================================================

    Total RO  Size (Code + RO Data)                 6588 (   6.43kB)
    Total RW  Size (RW Data + ZI Data)              1896 (   1.85kB)
    Total ROM Size (Code + RO Data + RW Data)       6620 (   6.46kB)

==============================================================================

